Component: ARM Compiler 5.06 update 4 (build 422) Tool: armlink [4d35d2]

==============================================================================

Section Cross References

    main.o(i.CCU40_0_IRQHandler) refers to timer.o(i.TIMER_Stop) for TIMER_Stop
    main.o(i.CCU40_0_IRQHandler) refers to timer.o(i.TIMER_Clear) for TIMER_Clear
    main.o(i.CCU40_0_IRQHandler) refers to timer.o(i.TIMER_ClearEvent) for TIMER_ClearEvent
    main.o(i.CCU40_0_IRQHandler) refers to main.o(.data) for thirtySecCount
    main.o(i.CCU40_0_IRQHandler) refers to timer_conf.o(.data) for MINUTES_TIMER
    main.o(i.CCU40_1_IRQHandler) refers to main.o(i.DIGITAL_IO_GetInput) for DIGITAL_IO_GetInput
    main.o(i.CCU40_1_IRQHandler) refers to timer.o(i.TIMER_Stop) for TIMER_Stop
    main.o(i.CCU40_1_IRQHandler) refers to timer.o(i.TIMER_Clear) for TIMER_Clear
    main.o(i.CCU40_1_IRQHandler) refers to timer.o(i.TIMER_ClearEvent) for TIMER_ClearEvent
    main.o(i.CCU40_1_IRQHandler) refers to main.o(i.DIGITAL_IO_ToggleOutput) for DIGITAL_IO_ToggleOutput
    main.o(i.CCU40_1_IRQHandler) refers to digital_io_conf.o(.constdata) for ERROR_LED
    main.o(i.CCU40_1_IRQHandler) refers to main.o(.data) for errorCount
    main.o(i.CCU40_1_IRQHandler) refers to timer_conf.o(.data) for SECONDS_TIMER
    main.o(i.checkComboMode) refers to timer.o(i.TIMER_Stop) for TIMER_Stop
    main.o(i.checkComboMode) refers to timer.o(i.TIMER_Clear) for TIMER_Clear
    main.o(i.checkComboMode) refers to timer.o(i.TIMER_ClearEvent) for TIMER_ClearEvent
    main.o(i.checkComboMode) refers to main.o(i.combosEqual) for combosEqual
    main.o(i.checkComboMode) refers to main.o(i.resetEntriesMode) for resetEntriesMode
    main.o(i.checkComboMode) refers to main.o(i.DIGITAL_IO_ToggleOutput) for DIGITAL_IO_ToggleOutput
    main.o(i.checkComboMode) refers to timer_conf.o(.data) for SECONDS_TIMER
    main.o(i.checkComboMode) refers to main.o(.data) for same
    main.o(i.checkComboMode) refers to digital_io_conf.o(.constdata) for LOCK_LED
    main.o(i.combosEqual) refers to main.o(.data) for same
    main.o(i.combosEqual) refers to main.o(.bss) for entered_combo
    main.o(i.debounceTimer) refers to timer.o(i.TIMER_Start) for TIMER_Start
    main.o(i.debounceTimer) refers to timer.o(i.TIMER_GetInterruptStatus) for TIMER_GetInterruptStatus
    main.o(i.debounceTimer) refers to timer.o(i.TIMER_ClearEvent) for TIMER_ClearEvent
    main.o(i.debounceTimer) refers to timer.o(i.TIMER_Clear) for TIMER_Clear
    main.o(i.debounceTimer) refers to timer_conf.o(.data) for DEBOUNCE_TIMER
    main.o(i.enteredAddMode) refers to main.o(i.DIGITAL_IO_SetOutputHigh) for DIGITAL_IO_SetOutputHigh
    main.o(i.enteredAddMode) refers to counter.o(i.COUNTER_GetCurrentCount) for COUNTER_GetCurrentCount
    main.o(i.enteredAddMode) refers to timer.o(i.TIMER_SetTimeInterval) for TIMER_SetTimeInterval
    main.o(i.enteredAddMode) refers to timer.o(i.TIMER_Start) for TIMER_Start
    main.o(i.enteredAddMode) refers to main.o(i.DIGITAL_IO_GetInput) for DIGITAL_IO_GetInput
    main.o(i.enteredAddMode) refers to digital_io_conf.o(.constdata) for PUSHBUTTON_PRESSED
    main.o(i.enteredAddMode) refers to counter_conf.o(.data) for PUSHBUTTON_COUNT
    main.o(i.enteredAddMode) refers to main.o(.data) for count
    main.o(i.enteredAddMode) refers to timer_conf.o(.data) for SECONDS_TIMER
    main.o(i.enteredAddMode) refers to main.o(.bss) for entered_combo
    main.o(i.entryLockMode) refers to timer.o(i.TIMER_SetTimeInterval) for TIMER_SetTimeInterval
    main.o(i.entryLockMode) refers to timer.o(i.TIMER_Start) for TIMER_Start
    main.o(i.entryLockMode) refers to main.o(.data) for errorFlashCount
    main.o(i.entryLockMode) refers to timer_conf.o(.data) for MINUTES_TIMER
    main.o(i.errorMode) refers to main.o(i.DIGITAL_IO_SetOutputHigh) for DIGITAL_IO_SetOutputHigh
    main.o(i.errorMode) refers to timer.o(i.TIMER_SetTimeInterval) for TIMER_SetTimeInterval
    main.o(i.errorMode) refers to timer.o(i.TIMER_Start) for TIMER_Start
    main.o(i.errorMode) refers to main.o(.data) for checked
    main.o(i.errorMode) refers to digital_io_conf.o(.constdata) for ERROR_LED
    main.o(i.errorMode) refers to timer_conf.o(.data) for SECONDS_TIMER
    main.o(i.getEvent) refers to main.o(i.DIGITAL_IO_GetInput) for DIGITAL_IO_GetInput
    main.o(i.getEvent) refers to counter.o(i.COUNTER_ResetCounter) for COUNTER_ResetCounter
    main.o(i.getEvent) refers to counter.o(i.COUNTER_GetCurrentCount) for COUNTER_GetCurrentCount
    main.o(i.getEvent) refers to main.o(.data) for thirtySecCount
    main.o(i.getEvent) refers to digital_io_conf.o(.constdata) for BUTTON_1
    main.o(i.getEvent) refers to counter_conf.o(.data) for PUSHBUTTON_COUNT
    main.o(i.lockedIdleMode) refers to main.o(i.DIGITAL_IO_SetOutputHigh) for DIGITAL_IO_SetOutputHigh
    main.o(i.lockedIdleMode) refers to digital_io_conf.o(.constdata) for LOCK_LED
    main.o(i.lockedIdleMode) refers to main.o(.data) for locked
[...]
    Removing xmc1_scu.o(i.XMC_SCU_StopTempMeasurement), (24 bytes).
    Removing xmc1_scu.o(i.XMC_SCU_SupplyMonitorInit), (80 bytes).
    Removing xmc1_scu.o(.bss), (128 bytes).
    Removing xmc1_scu.o(.data), (12 bytes).
    Removing xmc_acmp.o(.rev16_text), (4 bytes).
    Removing xmc_acmp.o(.revsh_text), (4 bytes).
    Removing xmc_bccu.o(.rev16_text), (4 bytes).
    Removing xmc_bccu.o(.revsh_text), (4 bytes).
    Removing xmc_can.o(.rev16_text), (4 bytes).
    Removing xmc_can.o(.revsh_text), (4 bytes).
    Removing xmc_ccu4.o(.rev16_text), (4 bytes).
    Removing xmc_ccu4.o(.revsh_text), (4 bytes).
    Removing xmc_ccu4.o(i.XMC_CCU4_DisableModule), (36 bytes).
    Removing xmc_ccu4.o(i.XMC_CCU4_SLICE_Capture0Config), (22 bytes).
    Removing xmc_ccu4.o(i.XMC_CCU4_SLICE_Capture1Config), (22 bytes).
    Removing xmc_ccu4.o(i.XMC_CCU4_SLICE_CaptureInit), (32 bytes).
    Removing xmc_ccu4.o(i.XMC_CCU4_SLICE_ConfigureStatusBitOverrideEvent), (128 bytes).
    Removing xmc_ccu4.o(i.XMC_CCU4_SLICE_EnableDithering), (42 bytes).
    Removing xmc_ccu4.o(i.XMC_CCU4_SLICE_GetCaptureRegisterValue), (12 bytes).
    Removing xmc_ccu4.o(i.XMC_CCU4_SLICE_GetCapturedValueFromFifo), (18 bytes).
    Removing xmc_ccu4.o(i.XMC_CCU4_SLICE_GetLastCapturedTimerValue), (94 bytes).
    Removing xmc_ccu4.o(i.XMC_CCU4_SLICE_LoadConfig), (24 bytes).
    Removing xmc_ccu4.o(i.XMC_CCU4_SLICE_ModulationConfig), (68 bytes).
    Removing xmc_ccu4.o(i.XMC_CCU4_SLICE_SetInput), (34 bytes).
    Removing xmc_ccu4.o(i.XMC_CCU4_SLICE_SetPassiveLevel), (18 bytes).
    Removing xmc_ccu4.o(i.XMC_CCU4_SLICE_SetTimerRepeatMode), (24 bytes).
    Removing xmc_ccu4.o(i.XMC_CCU4_SLICE_StartConfig), (46 bytes).
    Removing xmc_ccu4.o(i.XMC_CCU4_SLICE_StatusBitOverrideConfig), (20 bytes).
    Removing xmc_ccu4.o(i.XMC_CCU4_SLICE_StopConfig), (40 bytes).
    Removing xmc_ccu4.o(i.XMC_CCU4_SLICE_TrapConfig), (70 bytes).
    Removing xmc_ccu4.o(i.XMC_CCU4_SetModuleClock), (22 bytes).
    Removing xmc_ccu4.o(i.XMC_CCU4_SetMultiChannelShadowTransferMode), (20 bytes).
    Removing xmc_ccu8.o(.rev16_text), (4 bytes).
    Removing xmc_ccu8.o(.revsh_text), (4 bytes).
    Removing xmc_common.o(.rev16_text), (4 bytes).
    Removing xmc_common.o(.revsh_text), (4 bytes).
    Removing xmc_common.o(i.XMC_LIST_Add), (30 bytes).
    Removing xmc_common.o(i.XMC_LIST_GetHead), (6 bytes).
    Removing xmc_common.o(i.XMC_LIST_GetTail), (26 bytes).
    Removing xmc_common.o(i.XMC_LIST_Init), (6 bytes).
    Removing xmc_common.o(i.XMC_LIST_Insert), (20 bytes).
    Removing xmc_common.o(i.XMC_LIST_Remove), (54 bytes).
    Removing xmc_common.o(i.XMC_PRIOARRAY_Add), (110 bytes).
    Removing xmc_common.o(i.XMC_PRIOARRAY_Init), (84 bytes).
    Removing xmc_common.o(i.XMC_PRIOARRAY_Remove), (44 bytes).
    Removing xmc_eru.o(.rev16_text), (4 bytes).
    Removing xmc_eru.o(.revsh_text), (4 bytes).
    Removing xmc_eru.o(i.XMC_ERU_ETL_DisableOutputTrigger), (24 bytes).
    Removing xmc_eru.o(i.XMC_ERU_ETL_EnableOutputTrigger), (54 bytes).
    Removing xmc_eru.o(i.XMC_ERU_ETL_GetEdgeDetection), (16 bytes).
    Removing xmc_eru.o(i.XMC_ERU_ETL_Init), (46 bytes).
    Removing xmc_eru.o(i.XMC_ERU_ETL_SetEdgeDetection), (32 bytes).
    Removing xmc_eru.o(i.XMC_ERU_ETL_SetInput), (26 bytes).
    Removing xmc_eru.o(i.XMC_ERU_ETL_SetSource), (36 bytes).
    Removing xmc_eru.o(i.XMC_ERU_ETL_SetStatusFlagMode), (32 bytes).
    Removing xmc_eru.o(i.XMC_ERU_OGU_DisablePatternDetection), (24 bytes).
    Removing xmc_eru.o(i.XMC_ERU_OGU_DisablePeripheralTrigger), (24 bytes).
    Removing xmc_eru.o(i.XMC_ERU_OGU_EnablePatternDetection), (58 bytes).
    Removing xmc_eru.o(i.XMC_ERU_OGU_EnablePeripheralTrigger), (30 bytes).
    Removing xmc_eru.o(i.XMC_ERU_OGU_Init), (26 bytes).
    Removing xmc_eru.o(i.XMC_ERU_OGU_SetServiceRequestMode), (32 bytes).
    Removing xmc_gpio.o(.rev16_text), (4 bytes).
    Removing xmc_gpio.o(.revsh_text), (4 bytes).
    Removing xmc_gpio.o(i.XMC_GPIO_SetMode), (64 bytes).
    Removing xmc_i2c.o(.rev16_text), (4 bytes).
    Removing xmc_i2c.o(.revsh_text), (4 bytes).
    Removing xmc_i2c.o(i.XMC_I2C_CH_ClearStatusFlag), (8 bytes).
    Removing xmc_i2c.o(i.XMC_I2C_CH_DisableEvent), (28 bytes).
    Removing xmc_i2c.o(i.XMC_I2C_CH_EnableEvent), (28 bytes).
    Removing xmc_i2c.o(i.XMC_I2C_CH_GetReceivedData), (34 bytes).
    Removing xmc_i2c.o(i.XMC_I2C_CH_GetSlaveAddress), (36 bytes).
    Removing xmc_i2c.o(i.XMC_I2C_CH_Init), (56 bytes).
    Removing xmc_i2c.o(i.XMC_I2C_CH_MasterReceiveAck), (64 bytes).
    Removing xmc_i2c.o(i.XMC_I2C_CH_MasterReceiveNack), (62 bytes).
    Removing xmc_i2c.o(i.XMC_I2C_CH_MasterRepeatedStart), (76 bytes).
    Removing xmc_i2c.o(i.XMC_I2C_CH_MasterStart), (76 bytes).
    Removing xmc_i2c.o(i.XMC_I2C_CH_MasterStop), (62 bytes).
    Removing xmc_i2c.o(i.XMC_I2C_CH_MasterTransmit), (58 bytes).
    Removing xmc_i2c.o(i.XMC_I2C_CH_SetBaudrate), (88 bytes).
    Removing xmc_i2c.o(i.XMC_I2C_CH_SetSlaveAddress), (38 bytes).
    Removing xmc_i2c.o(i.XMC_I2C_CH_SlaveTransmit), (70 bytes).
    Removing xmc_i2c.o(i.XMC_I2C_CH_Stop), (44 bytes).
    Removing xmc_i2c.o(i.XMC_USIC_CH_GetTransmitBufferStatus), (10 bytes).
    Removing xmc_i2s.o(.rev16_text), (4 bytes).
    Removing xmc_i2s.o(.revsh_text), (4 bytes).
    Removing xmc_i2s.o(i.XMC_I2S_CH_DisableEvent), (32 bytes).
    Removing xmc_i2s.o(i.XMC_I2S_CH_EnableEvent), (32 bytes).
    Removing xmc_i2s.o(i.XMC_I2S_CH_GetReceivedData), (34 bytes).
    Removing xmc_i2s.o(i.XMC_I2S_CH_Init), (110 bytes).
    Removing xmc_i2s.o(i.XMC_I2S_CH_SetBaudrate), (52 bytes).
    Removing xmc_i2s.o(i.XMC_I2S_CH_SetSystemWordLength), (116 bytes).
    Removing xmc_i2s.o(i.XMC_I2S_CH_Stop), (44 bytes).
    Removing xmc_i2s.o(i.XMC_I2S_CH_Transmit), (70 bytes).
    Removing xmc_i2s.o(i.XMC_USIC_CH_GetTransmitBufferStatus), (10 bytes).
    Removing xmc_ledts.o(.rev16_text), (4 bytes).
    Removing xmc_ledts.o(.revsh_text), (4 bytes).
    Removing xmc_math.o(.rev16_text), (4 bytes).
    Removing xmc_math.o(.revsh_text), (4 bytes).
    Removing xmc_pau.o(.rev16_text), (4 bytes).
    Removing xmc_pau.o(.revsh_text), (4 bytes).
    Removing xmc_pau.o(i.XMC_PAU_DisablePeripheralAccess), (28 bytes).
    Removing xmc_pau.o(i.XMC_PAU_EnablePeripheralAccess), (28 bytes).
    Removing xmc_pau.o(i.XMC_PAU_IsPeripheralAccessEnabled), (32 bytes).
    Removing xmc_pau.o(i.XMC_PAU_IsPeripheralAvailable), (32 bytes).
    Removing xmc_posif.o(.rev16_text), (4 bytes).
    Removing xmc_posif.o(.revsh_text), (4 bytes).
    Removing xmc_prng.o(.rev16_text), (4 bytes).
    Removing xmc_prng.o(.revsh_text), (4 bytes).
    Removing xmc_prng.o(i.XMC_PRNG_Init), (144 bytes).
    Removing xmc_prng.o(i.XMC_PRNG_SetRandomDataBlockSize), (24 bytes).
    Removing xmc_rtc.o(.rev16_text), (4 bytes).
    Removing xmc_rtc.o(.revsh_text), (4 bytes).
    Removing xmc_rtc.o(i.XMC_RTC_GetAlarm), (20 bytes).
    Removing xmc_rtc.o(i.XMC_RTC_GetAlarmStdFormat), (76 bytes).
    Removing xmc_rtc.o(i.XMC_RTC_GetEventStatus), (12 bytes).
    Removing xmc_rtc.o(i.XMC_RTC_GetTime), (20 bytes).
    Removing xmc_rtc.o(i.XMC_RTC_GetTimeStdFormat), (84 bytes).
    Removing xmc_rtc.o(i.XMC_RTC_SetAlarm), (36 bytes).
    Removing xmc_rtc.o(i.XMC_RTC_SetAlarmStdFormat), (140 bytes).
    Removing xmc_rtc.o(i.XMC_RTC_SetPrescaler), (40 bytes).
    Removing xmc_rtc.o(i.XMC_RTC_SetTime), (36 bytes).
    Removing xmc_rtc.o(i.XMC_RTC_SetTimeStdFormat), (156 bytes).
    Removing xmc_rtc.o(i.XMC_RTC_Start), (36 bytes).
    Removing xmc_rtc.o(i.XMC_RTC_Stop), (36 bytes).
    Removing xmc_rtc.o(i.XMC_SCU_GetMirrorStatus), (12 bytes).
    Removing xmc_spi.o(.rev16_text), (4 bytes).
    Removing xmc_spi.o(.revsh_text), (4 bytes).
    Removing xmc_spi.o(i.XMC_SPI_CH_ClearStatusFlag), (8 bytes).
    Removing xmc_spi.o(i.XMC_SPI_CH_DisableEvent), (30 bytes).
    Removing xmc_spi.o(i.XMC_SPI_CH_DisableSlaveSelect), (24 bytes).
    Removing xmc_spi.o(i.XMC_SPI_CH_EnableEvent), (30 bytes).
    Removing xmc_spi.o(i.XMC_SPI_CH_EnableSlaveSelect), (18 bytes).
    Removing xmc_spi.o(i.XMC_SPI_CH_GetReceivedData), (34 bytes).
    Removing xmc_spi.o(i.XMC_SPI_CH_Init), (68 bytes).
    Removing xmc_spi.o(i.XMC_SPI_CH_SetBaudrate), (38 bytes).
    Removing xmc_spi.o(i.XMC_SPI_CH_SetInterwordDelay), (236 bytes).
    Removing xmc_spi.o(i.XMC_SPI_CH_Stop), (44 bytes).
    Removing xmc_spi.o(i.XMC_SPI_CH_Transmit), (84 bytes).
    Removing xmc_spi.o(i.XMC_USIC_CH_GetTransmitBufferStatus), (10 bytes).
    Removing xmc_uart.o(.rev16_text), (4 bytes).
    Removing xmc_uart.o(.revsh_text), (4 bytes).
    Removing xmc_uart.o(i.XMC_UART_CH_DisableEvent), (24 bytes).
    Removing xmc_uart.o(i.XMC_UART_CH_EnableEvent), (24 bytes).
    Removing xmc_uart.o(i.XMC_UART_CH_GetReceivedData), (34 bytes).
    Removing xmc_uart.o(i.XMC_UART_CH_Init), (118 bytes).
    Removing xmc_uart.o(i.XMC_UART_CH_SetBaudrate), (44 bytes).
    Removing xmc_uart.o(i.XMC_UART_CH_Stop), (56 bytes).
    Removing xmc_uart.o(i.XMC_UART_CH_Transmit), (56 bytes).
    Removing xmc_uart.o(i.XMC_USIC_CH_GetTransmitBufferStatus), (10 bytes).
    Removing xmc_usic.o(.rev16_text), (4 bytes).
    Removing xmc_usic.o(.revsh_text), (4 bytes).
    Removing xmc_usic.o(i.XMC_USIC_CH_ConfigExternalInputSignalToBRG), (76 bytes).
    Removing xmc_usic.o(i.XMC_USIC_CH_Disable), (14 bytes).
    Removing xmc_usic.o(i.XMC_USIC_CH_Enable), (60 bytes).
    Removing xmc_usic.o(i.XMC_USIC_CH_RXFIFO_Configure), (60 bytes).
    Removing xmc_usic.o(i.XMC_USIC_CH_RXFIFO_SetInterruptNodePointer), (28 bytes).
    Removing xmc_usic.o(i.XMC_USIC_CH_RXFIFO_SetSizeTriggerLimit), (46 bytes).
    Removing xmc_usic.o(i.XMC_USIC_CH_SetBaudrate), (180 bytes).
    Removing xmc_usic.o(i.XMC_USIC_CH_SetInterruptNodePointer), (20 bytes).
    Removing xmc_usic.o(i.XMC_USIC_CH_TXFIFO_Configure), (52 bytes).
    Removing xmc_usic.o(i.XMC_USIC_CH_TXFIFO_SetInterruptNodePointer), (28 bytes).
    Removing xmc_usic.o(i.XMC_USIC_CH_TXFIFO_SetSizeTriggerLimit), (46 bytes).
    Removing xmc_usic.o(i.XMC_USIC_Disable), (24 bytes).
    Removing xmc_usic.o(i.XMC_USIC_Enable), (24 bytes).
    Removing xmc_vadc.o(.rev16_text), (4 bytes).
    Removing xmc_vadc.o(.revsh_text), (4 bytes).
    Removing xmc_vadc.o(i.XMC_VADC_GLOBAL_BackgroundAbortSequence), (48 bytes).
    Removing xmc_vadc.o(i.XMC_VADC_GLOBAL_BackgroundGetNumChannelsPending), (64 bytes).
    Removing xmc_vadc.o(i.XMC_VADC_GLOBAL_BackgroundInit), (32 bytes).
    Removing xmc_vadc.o(i.XMC_VADC_GLOBAL_BackgroundSelectGating), (36 bytes).
    Removing xmc_vadc.o(i.XMC_VADC_GLOBAL_BackgroundSelectTrigger), (36 bytes).
    Removing xmc_vadc.o(i.XMC_VADC_GLOBAL_BackgroundSelectTriggerEdge), (36 bytes).
    Removing xmc_vadc.o(i.XMC_VADC_GLOBAL_BackgroundSetReqSrcEventInterruptNode), (40 bytes).
    Removing xmc_vadc.o(i.XMC_VADC_GLOBAL_DisableModule), (10 bytes).
    Removing xmc_vadc.o(i.XMC_VADC_GLOBAL_EnableModule), (10 bytes).
    Removing xmc_vadc.o(i.XMC_VADC_GLOBAL_GetCompareResult), (28 bytes).
    Removing xmc_vadc.o(i.XMC_VADC_GLOBAL_Init), (76 bytes).
    Removing xmc_vadc.o(i.XMC_VADC_GLOBAL_InputClassInit), (24 bytes).
    Removing xmc_vadc.o(i.XMC_VADC_GLOBAL_SHS_Init), (12 bytes).
    Removing xmc_vadc.o(i.XMC_VADC_GLOBAL_SHS_SetGainFactor), (86 bytes).
    Removing xmc_vadc.o(i.XMC_VADC_GLOBAL_SHS_SetSigmaDeltaLoop), (32 bytes).
    Removing xmc_vadc.o(i.XMC_VADC_GLOBAL_SetCompareValue), (42 bytes).
    Removing xmc_vadc.o(i.XMC_VADC_GLOBAL_SetResultEventInterruptNode), (46 bytes).
    Removing xmc_vadc.o(i.XMC_VADC_GLOBAL_StartupCalibration), (32 bytes).
    Removing xmc_wdt.o(.rev16_text), (4 bytes).
    Removing xmc_wdt.o(.revsh_text), (4 bytes).
    Removing xmc_wdt.o(i.XMC_WDT_Disable), (12 bytes).
    Removing xmc_wdt.o(i.XMC_WDT_Enable), (12 bytes).
    Removing xmc_wdt.o(i.XMC_WDT_Init), (28 bytes).
    Removing system_xmc1100.o(.rev16_text), (4 bytes).
    Removing system_xmc1100.o(.revsh_text), (4 bytes).
    Removing system_xmc1100.o(i.SystemCoreClockSetup), (56 bytes).
    Removing system_xmc1100.o(i.SystemCoreSetup), (36 bytes).

302 unused section(s) (total 9127 bytes) removed from the image.

==============================================================================

Image Symbol Table

    Local Symbols

    Symbol Name                              Value     Ov Type        Size  Object(Section)

    ../clib/../cmprslib/zerorunl2.c          0x00000000   Number         0  __dczerorl2.o ABSOLUTE
    ../clib/angel/boardlib.s                 0x00000000   Number         0  boardinit2.o ABSOLUTE
    ../clib/angel/boardlib.s                 0x00000000   Number         0  boardinit1.o ABSOLUTE
    ../clib/angel/boardlib.s                 0x00000000   Number         0  boardshut.o ABSOLUTE
    ../clib/angel/boardlib.s                 0x00000000   Number         0  boardinit3.o ABSOLUTE
    ../clib/angel/handlers.s                 0x00000000   Number         0  __scatter_zi.o ABSOLUTE
    ../clib/angel/kernel.s                   0x00000000   Number         0  rtexit.o ABSOLUTE
    ../clib/angel/kernel.s                   0x00000000   Number         0  __rtentry.o ABSOLUTE
    ../clib/angel/kernel.s                   0x00000000   Number         0  rtexit2.o ABSOLUTE
    ../clib/angel/kernel.s                   0x00000000   Number         0  __rtentry4.o ABSOLUTE
    ../clib/angel/kernel.s                   0x00000000   Number         0  __rtentry2.o ABSOLUTE
    ../clib/angel/rt.s                       0x00000000   Number         0  rt_raise.o ABSOLUTE
    ../clib/angel/rt.s                       0x00000000   Number         0  aeabi_idiv0_sigfpe.o ABSOLUTE
    ../clib/angel/rt.s                       0x00000000   Number         0  aeabi_idiv0.o ABSOLUTE
    ../clib/angel/rt.s                       0x00000000   Number         0  aeabi_ldiv0_sigfpe.o ABSOLUTE
    ../clib/angel/rt.s                       0x00000000   Number         0  aeabi_ldiv0.o ABSOLUTE
    ../clib/angel/rt.s                       0x00000000   Number         0  rt_div0.o ABSOLUTE
    ../clib/angel/scatterp.s                 0x00000000   Number         0  __scatter.o ABSOLUTE
    ../clib/angel/startup.s                  0x00000000   Number         0  __main.o ABSOLUTE
    ../clib/angel/sys.s                      0x00000000   Number         0  indicate_semi.o ABSOLUTE
    ../clib/angel/sys.s                      0x00000000   Number         0  tempstk.o ABSOLUTE
    ../clib/angel/sys.s                      0x00000000   Number         0  libspace.o ABSOLUTE
    ../clib/angel/sys.s                      0x00000000   Number         0  sys_stackheap_outer.o ABSOLUTE
    ../clib/angel/sys.s                      0x00000000   Number         0  use_no_semi.o ABSOLUTE
    ../clib/angel/sysapp.c                   0x00000000   Number         0  sys_exit.o ABSOLUTE
    ../clib/angel/sysapp.c                   0x00000000   Number         0  sys_command.o ABSOLUTE
    ../clib/angel/sysapp.c                   0x00000000   Number         0  sys_wrch.o ABSOLUTE
    ../clib/armsys.c                         0x00000000   Number         0  no_argv.o ABSOLUTE
    ../clib/armsys.c                         0x00000000   Number         0  _get_argv_nomalloc.o ABSOLUTE
    ../clib/armsys.c                         0x00000000   Number         0  argv_veneer.o ABSOLUTE
    ../clib/division.c                       0x00000000   Number         0  lludiv.o ABSOLUTE
    ../clib/division.s                       0x00000000   Number         0  aeabi_sdiv.o ABSOLUTE
    ../clib/division.s                       0x00000000   Number         0  aeabi_sdiv_div0.o ABSOLUTE
    ../clib/heapalloc.c                      0x00000000   Number         0  hrguard.o ABSOLUTE
    ../clib/heapaux.c                        0x00000000   Number         0  heapauxi.o ABSOLUTE
    ../clib/libinit.s                        0x00000000   Number         0  libinit.o ABSOLUTE
    ../clib/libinit.s                        0x00000000   Number         0  libinit2.o ABSOLUTE
    ../clib/libinit.s                        0x00000000   Number         0  libshutdown2.o ABSOLUTE
    ../clib/libinit.s                        0x00000000   Number         0  libshutdown.o ABSOLUTE
    ../clib/longlong.c                       0x00000000   Number         0  llushr.o ABSOLUTE
    ../clib/longlong.c                       0x00000000   Number         0  llmul.o ABSOLUTE
    ../clib/signal.c                         0x00000000   Number         0  defsig_pvfn_inner.o ABSOLUTE
    ../clib/signal.c                         0x00000000   Number         0  defsig_cppl_inner.o ABSOLUTE
    ../clib/signal.c                         0x00000000   Number         0  __raise.o ABSOLUTE
    ../clib/signal.c                         0x00000000   Number         0  defsig_segv_inner.o ABSOLUTE
    ../clib/signal.c                         0x00000000   Number         0  defsig_other.o ABSOLUTE
    ../clib/signal.c                         0x00000000   Number         0  defsig_fpe_inner.o ABSOLUTE
    ../clib/signal.c                         0x00000000   Number         0  defsig_exit.o ABSOLUTE
    ../clib/signal.c                         0x00000000   Number         0  defsig_abrt_inner.o ABSOLUTE
    ../clib/signal.c                         0x00000000   Number         0  defsig_rtred_inner.o ABSOLUTE
    ../clib/signal.c                         0x00000000   Number         0  defsig_fpe_outer.o ABSOLUTE
    ../clib/signal.c                         0x00000000   Number         0  defsig_rtmem_inner.o ABSOLUTE
    ../clib/signal.c                         0x00000000   Number         0  defsig_rtmem_outer.o ABSOLUTE
    ../clib/signal.c                         0x00000000   Number         0  defsig_rtmem_formal.o ABSOLUTE
    ../clib/signal.c                         0x00000000   Number         0  defsig_fpe_formal.o ABSOLUTE
    ../clib/signal.c                         0x00000000   Number         0  defsig_stak_inner.o ABSOLUTE
    ../clib/signal.c                         0x00000000   Number         0  defsig_general.o ABSOLUTE
    ../clib/signal.s                         0x00000000   Number         0  defsig.o ABSOLUTE
    ../clib/stdlib.c                         0x00000000   Number         0  exit.o ABSOLUTE
    ../fplib/cfplib/fpinit.c                 0x00000000   Number         0  fpinit.o ABSOLUTE
    C:\Keil_v5\ARM\PACK\Infineon\XMC1000_DFP\2.5.1\Device\XMClib\src\xmc1_eru.c 0x00000000   Number         0  xmc1_eru.o ABSOLUTE
    C:\Keil_v5\ARM\PACK\Infineon\XMC1000_DFP\2.5.1\Device\XMClib\src\xmc1_flash.c 0x00000000   Number         0  xmc1_flash.o ABSOLUTE
    C:\Keil_v5\ARM\PACK\Infineon\XMC1000_DFP\2.5.1\Device\XMClib\src\xmc1_gpio.c 0x00000000   Number         0  xmc1_gpio.o ABSOLUTE
    C:\Keil_v5\ARM\PACK\Infineon\XMC1000_DFP\2.5.1\Device\XMClib\src\xmc1_rtc.c 0x00000000   Number         0  xmc1_rtc.o ABSOLUTE
    C:\Keil_v5\ARM\PACK\Infineon\XMC1000_DFP\2.5.1\Device\XMClib\src\xmc1_scu.c 0x00000000   Number         0  xmc1_scu.o ABSOLUTE
    C:\Keil_v5\ARM\PACK\Infineon\XMC1000_DFP\2.5.1\Device\XMClib\src\xmc_acmp.c 0x00000000   Number         0  xmc_acmp.o ABSOLUTE
    C:\Keil_v5\ARM\PACK\Infineon\XMC1000_DFP\2.5.1\Device\XMClib\src\xmc_bccu.c 0x00000000   Number         0  xmc_bccu.o ABSOLUTE
    C:\Keil_v5\ARM\PACK\Infineon\XMC1000_DFP\2.5.1\Device\XMClib\src\xmc_can.c 0x00000000   Number         0  xmc_can.o ABSOLUTE
    C:\Keil_v5\ARM\PACK\Infineon\XMC1000_DFP\2.5.1\Device\XMClib\src\xmc_ccu4.c 0x00000000   Number         0  xmc_ccu4.o ABSOLUTE
    C:\Keil_v5\ARM\PACK\Infineon\XMC1000_DFP\2.5.1\Device\XMClib\src\xmc_ccu8.c 0x00000000   Number         0  xmc_ccu8.o ABSOLUTE
    C:\Keil_v5\ARM\PACK\Infineon\XMC1000_DFP\2.5.1\Device\XMClib\src\xmc_common.c 0x00000000   Number         0  xmc_common.o ABSOLUTE
    C:\Keil_v5\ARM\PACK\Infineon\XMC1000_DFP\2.5.1\Device\XMClib\src\xmc_eru.c 0x00000000   Number         0  xmc_eru.o ABSOLUTE
    C:\Keil_v5\ARM\PACK\Infineon\XMC1000_DFP\2.5.1\Device\XMClib\src\xmc_gpio.c 0x00000000   Number         0  xmc_gpio.o ABSOLUTE
    C:\Keil_v5\ARM\PACK\Infineon\XMC1000_DFP\2.5.1\Device\XMClib\src\xmc_i2c.c 0x00000000   Number         0  xmc_i2c.o ABSOLUTE
    C:\Keil_v5\ARM\PACK\Infineon\XMC1000_DFP\2.5.1\Device\XMClib\src\xmc_i2s.c 0x00000000   Number         0  xmc_i2s.o ABSOLUTE
    C:\Keil_v5\ARM\PACK\Infineon\XMC1000_DFP\2.5.1\Device\XMClib\src\xmc_ledts.c 0x00000000   Number         0  xmc_ledts.o ABSOLUTE
    C:\Keil_v5\ARM\PACK\Infineon\XMC1000_DFP\2.5.1\Device\XMClib\src\xmc_math.c 0x00000000   Number         0  xmc_math.o ABSOLUTE
    C:\Keil_v5\ARM\PACK\Infineon\XMC1000_DFP\2.5.1\Device\XMClib\src\xmc_pau.c 0x00000000   Number         0  xmc_pau.o ABSOLUTE
    C:\Keil_v5\ARM\PACK\Infineon\XMC1000_DFP\2.5.1\Device\XMClib\src\xmc_posif.c 0x00000000   Number         0  xmc_posif.o ABSOLUTE
    C:\Keil_v5\ARM\PACK\Infineon\XMC1000_DFP\2.5.1\Device\XMClib\src\xmc_prng.c 0x00000000   Number         0  xmc_prng.o ABSOLUTE
    C:\Keil_v5\ARM\PACK\Infineon\XMC1000_DFP\2.5.1\Device\XMClib\src\xmc_rtc.c 0x00000000   Number         0  xmc_rtc.o ABSOLUTE
    C:\Keil_v5\ARM\PACK\Infineon\XMC1000_DFP\2.5.1\Device\XMClib\src\xmc_spi.c 0x00000000   Number         0  xmc_spi.o ABSOLUTE
    C:\Keil_v5\ARM\PACK\Infineon\XMC1000_DFP\2.5.1\Device\XMClib\src\xmc_uart.c 0x00000000   Number         0  xmc_uart.o ABSOLUTE
    C:\Keil_v5\ARM\PACK\Infineon\XMC1000_DFP\2.5.1\Device\XMClib\src\xmc_usic.c 0x00000000   Number         0  xmc_usic.o ABSOLUTE
    C:\Keil_v5\ARM\PACK\Infineon\XMC1000_DFP\2.5.1\Device\XMClib\src\xmc_vadc.c 0x00000000   Number         0  xmc_vadc.o ABSOLUTE
    C:\Keil_v5\ARM\PACK\Infineon\XMC1000_DFP\2.5.1\Device\XMClib\src\xmc_wdt.c 0x00000000   Number         0  xmc_wdt.o ABSOLUTE
    C:\Users\ciara\Dropbox\Applied-Computing\Semester 2\Embedded Systems\CPower_Digital_Lock\Dave\Generated\CLOCK_XMC1\clock_xmc1.c 0x00000000   Number         0  clock_xmc1.o ABSOLUTE
    C:\Users\ciara\Dropbox\Applied-Computing\Semester 2\Embedded Systems\CPower_Digital_Lock\Dave\Generated\CLOCK_XMC1\clock_xmc1_conf.c 0x00000000   Number         0  clock_xmc1_conf.o ABSOLUTE
    C:\Users\ciara\Dropbox\Applied-Computing\Semester 2\Embedded Systems\CPower_Digital_Lock\Dave\Generated\COUNTER\counter.c 0x00000000   Number         0  counter.o ABSOLUTE
    C:\Users\ciara\Dropbox\Applied-Computing\Semester 2\Embedded Systems\CPower_Digital_Lock\Dave\Generated\COUNTER\counter_conf.c 0x00000000   Number         0  counter_conf.o ABSOLUTE
    C:\Users\ciara\Dropbox\Applied-Computing\Semester 2\Embedded Systems\CPower_Digital_Lock\Dave\Generated\CPU_CTRL_XMC1\cpu_ctrl_xmc1.c 0x00000000   Number         0  cpu_ctrl_xmc1.o ABSOLUTE
    C:\Users\ciara\Dropbox\Applied-Computing\Semester 2\Embedded Systems\CPower_Digital_Lock\Dave\Generated\CPU_CTRL_XMC1\cpu_ctrl_xmc1_conf.c 0x00000000   Number         0  cpu_ctrl_xmc1_conf.o ABSOLUTE
    C:\Users\ciara\Dropbox\Applied-Computing\Semester 2\Embedded Systems\CPower_Digital_Lock\Dave\Generated\DAVE.c 0x00000000   Number         0  dave.o ABSOLUTE
    C:\Users\ciara\Dropbox\Applied-Computing\Semester 2\Embedded Systems\CPower_Digital_Lock\Dave\Generated\DIGITAL_IO\digital_io.c 0x00000000   Number         0  digital_io.o ABSOLUTE
    C:\Users\ciara\Dropbox\Applied-Computing\Semester 2\Embedded Systems\CPower_Digital_Lock\Dave\Generated\DIGITAL_IO\digital_io_conf.c 0x00000000   Number         0  digital_io_conf.o ABSOLUTE
    C:\Users\ciara\Dropbox\Applied-Computing\Semester 2\Embedded Systems\CPower_Digital_Lock\Dave\Generated\GLOBAL_CCU4\global_ccu4.c 0x00000000   Number         0  global_ccu4.o ABSOLUTE
    C:\Users\ciara\Dropbox\Applied-Computing\Semester 2\Embedded Systems\CPower_Digital_Lock\Dave\Generated\GLOBAL_CCU4\global_ccu4_conf.c 0x00000000   Number         0  global_ccu4_conf.o ABSOLUTE
    C:\Users\ciara\Dropbox\Applied-Computing\Semester 2\Embedded Systems\CPower_Digital_Lock\Dave\Generated\INTERRUPT\interrupt.c 0x00000000   Number         0  interrupt.o ABSOLUTE
    C:\Users\ciara\Dropbox\Applied-Computing\Semester 2\Embedded Systems\CPower_Digital_Lock\Dave\Generated\INTERRUPT\interrupt_conf.c 0x00000000   Number         0  interrupt_conf.o ABSOLUTE
    C:\Users\ciara\Dropbox\Applied-Computing\Semester 2\Embedded Systems\CPower_Digital_Lock\Dave\Generated\TIMER\timer.c 0x00000000   Number         0  timer.o ABSOLUTE
    C:\Users\ciara\Dropbox\Applied-Computing\Semester 2\Embedded Systems\CPower_Digital_Lock\Dave\Generated\TIMER\timer_conf.c 0x00000000   Number         0  timer_conf.o ABSOLUTE
    C:\\Keil_v5\\ARM\\PACK\\Infineon\\XMC1000_DFP\\2.5.1\\Device\\XMClib\\src\\xmc1_eru.c 0x00000000   Number         0  xmc1_eru.o ABSOLUTE
    C:\\Keil_v5\\ARM\\PACK\\Infineon\\XMC1000_DFP\\2.5.1\\Device\\XMClib\\src\\xmc1_flash.c 0x00000000   Number         0  xmc1_flash.o ABSOLUTE
    C:\\Keil_v5\\ARM\\PACK\\Infineon\\XMC1000_DFP\\2.5.1\\Device\\XMClib\\src\\xmc1_gpio.c 0x00000000   Number         0  xmc1_gpio.o ABSOLUTE
    C:\\Keil_v5\\ARM\\PACK\\Infineon\\XMC1000_DFP\\2.5.1\\Device\\XMClib\\src\\xmc1_rtc.c 0x00000000   Number         0  xmc1_rtc.o ABSOLUTE
    C:\\Keil_v5\\ARM\\PACK\\Infineon\\XMC1000_DFP\\2.5.1\\Device\\XMClib\\src\\xmc1_scu.c 0x00000000   Number         0  xmc1_scu.o ABSOLUTE
    C:\\Keil_v5\\ARM\\PACK\\Infineon\\XMC1000_DFP\\2.5.1\\Device\\XMClib\\src\\xmc_acmp.c 0x00000000   Number         0  xmc_acmp.o ABSOLUTE
    C:\\Keil_v5\\ARM\\PACK\\Infineon\\XMC1000_DFP\\2.5.1\\Device\\XMClib\\src\\xmc_bccu.c 0x00000000   Number         0  xmc_bccu.o ABSOLUTE
    C:\\Keil_v5\\ARM\\PACK\\Infineon\\XMC1000_DFP\\2.5.1\\Device\\XMClib\\src\\xmc_can.c 0x00000000   Number         0  xmc_can.o ABSOLUTE
    C:\\Keil_v5\\ARM\\PACK\\Infineon\\XMC1000_DFP\\2.5.1\\Device\\XMClib\\src\\xmc_ccu4.c 0x00000000   Number         0  xmc_ccu4.o ABSOLUTE
    C:\\Keil_v5\\ARM\\PACK\\Infineon\\XMC1000_DFP\\2.5.1\\Device\\XMClib\\src\\xmc_ccu8.c 0x00000000   Number         0  xmc_ccu8.o ABSOLUTE
    C:\\Keil_v5\\ARM\\PACK\\Infineon\\XMC1000_DFP\\2.5.1\\Device\\XMClib\\src\\xmc_common.c 0x00000000   Number         0  xmc_common.o ABSOLUTE
    C:\\Keil_v5\\ARM\\PACK\\Infineon\\XMC1000_DFP\\2.5.1\\Device\\XMClib\\src\\xmc_eru.c 0x00000000   Number         0  xmc_eru.o ABSOLUTE
    C:\\Keil_v5\\ARM\\PACK\\Infineon\\XMC1000_DFP\\2.5.1\\Device\\XMClib\\src\\xmc_gpio.c 0x00000000   Number         0  xmc_gpio.o ABSOLUTE
    C:\\Keil_v5\\ARM\\PACK\\Infineon\\XMC1000_DFP\\2.5.1\\Device\\XMClib\\src\\xmc_i2c.c 0x00000000   Number         0  xmc_i2c.o ABSOLUTE
    C:\\Keil_v5\\ARM\\PACK\\Infineon\\XMC1000_DFP\\2.5.1\\Device\\XMClib\\src\\xmc_i2s.c 0x00000000   Number         0  xmc_i2s.o ABSOLUTE
    C:\\Keil_v5\\ARM\\PACK\\Infineon\\XMC1000_DFP\\2.5.1\\Device\\XMClib\\src\\xmc_ledts.c 0x00000000   Number         0  xmc_ledts.o ABSOLUTE
    C:\\Keil_v5\\ARM\\PACK\\Infineon\\XMC1000_DFP\\2.5.1\\Device\\XMClib\\src\\xmc_math.c 0x00000000   Number         0  xmc_math.o ABSOLUTE
    C:\\Keil_v5\\ARM\\PACK\\Infineon\\XMC1000_DFP\\2.5.1\\Device\\XMClib\\src\\xmc_pau.c 0x00000000   Number         0  xmc_pau.o ABSOLUTE
    C:\\Keil_v5\\ARM\\PACK\\Infineon\\XMC1000_DFP\\2.5.1\\Device\\XMClib\\src\\xmc_posif.c 0x00000000   Number         0  xmc_posif.o ABSOLUTE
    C:\\Keil_v5\\ARM\\PACK\\Infineon\\XMC1000_DFP\\2.5.1\\Device\\XMClib\\src\\xmc_prng.c 0x00000000   Number         0  xmc_prng.o ABSOLUTE
    C:\\Keil_v5\\ARM\\PACK\\Infineon\\XMC1000_DFP\\2.5.1\\Device\\XMClib\\src\\xmc_rtc.c 0x00000000   Number         0  xmc_rtc.o ABSOLUTE
    C:\\Keil_v5\\ARM\\PACK\\Infineon\\XMC1000_DFP\\2.5.1\\Device\\XMClib\\src\\xmc_spi.c 0x00000000   Number         0  xmc_spi.o ABSOLUTE
    C:\\Keil_v5\\ARM\\PACK\\Infineon\\XMC1000_DFP\\2.5.1\\Device\\XMClib\\src\\xmc_uart.c 0x00000000   Number         0  xmc_uart.o ABSOLUTE
    C:\\Keil_v5\\ARM\\PACK\\Infineon\\XMC1000_DFP\\2.5.1\\Device\\XMClib\\src\\xmc_usic.c 0x00000000   Number         0  xmc_usic.o ABSOLUTE
    C:\\Keil_v5\\ARM\\PACK\\Infineon\\XMC1000_DFP\\2.5.1\\Device\\XMClib\\src\\xmc_vadc.c 0x00000000   Number         0  xmc_vadc.o ABSOLUTE
    C:\\Keil_v5\\ARM\\PACK\\Infineon\\XMC1000_DFP\\2.5.1\\Device\\XMClib\\src\\xmc_wdt.c 0x00000000   Number         0  xmc_wdt.o ABSOLUTE
    C:\\Users\\ciara\\Dropbox\\Applied-Computing\\Semester 2\\Embedded Systems\\CPower_Digital_Lock\\Dave\\Generated\\CLOCK_XMC1\\clock_xmc1.c 0x00000000   Number         0  clock_xmc1.o ABSOLUTE
    C:\\Users\\ciara\\Dropbox\\Applied-Computing\\Semester 2\\Embedded Systems\\CPower_Digital_Lock\\Dave\\Generated\\CLOCK_XMC1\\clock_xmc1_conf.c 0x00000000   Number         0  clock_xmc1_conf.o ABSOLUTE
    C:\\Users\\ciara\\Dropbox\\Applied-Computing\\Semester 2\\Embedded Systems\\CPower_Digital_Lock\\Dave\\Generated\\COUNTER\\counter.c 0x00000000   Number         0  counter.o ABSOLUTE
    C:\\Users\\ciara\\Dropbox\\Applied-Computing\\Semester 2\\Embedded Systems\\CPower_Digital_Lock\\Dave\\Generated\\COUNTER\\counter_conf.c 0x00000000   Number         0  counter_conf.o ABSOLUTE
    C:\\Users\\ciara\\Dropbox\\Applied-Computing\\Semester 2\\Embedded Systems\\CPower_Digital_Lock\\Dave\\Generated\\CPU_CTRL_XMC1\\cpu_ctrl_xmc1.c 0x00000000   Number         0  cpu_ctrl_xmc1.o ABSOLUTE
    C:\\Users\\ciara\\Dropbox\\Applied-Computing\\Semester 2\\Embedded Systems\\CPower_Digital_Lock\\Dave\\Generated\\CPU_CTRL_XMC1\\cpu_ctrl_xmc1_conf.c 0x00000000   Number         0  cpu_ctrl_xmc1_conf.o ABSOLUTE
    C:\\Users\\ciara\\Dropbox\\Applied-Computing\\Semester 2\\Embedded Systems\\CPower_Digital_Lock\\Dave\\Generated\\DAVE.c 0x00000000   Number         0  dave.o ABSOLUTE
    C:\\Users\\ciara\\Dropbox\\Applied-Computing\\Semester 2\\Embedded Systems\\CPower_Digital_Lock\\Dave\\Generated\\DIGITAL_IO\\digital_io.c 0x00000000   Number         0  digital_io.o ABSOLUTE
    C:\\Users\\ciara\\Dropbox\\Applied-Computing\\Semester 2\\Embedded Systems\\CPower_Digital_Lock\\Dave\\Generated\\DIGITAL_IO\\digital_io_conf.c 0x00000000   Number         0  digital_io_conf.o ABSOLUTE
    C:\\Users\\ciara\\Dropbox\\Applied-Computing\\Semester 2\\Embedded Systems\\CPower_Digital_Lock\\Dave\\Generated\\GLOBAL_CCU4\\global_ccu4.c 0x00000000   Number         0  global_ccu4.o ABSOLUTE
    C:\\Users\\ciara\\Dropbox\\Applied-Computing\\Semester 2\\Embedded Systems\\CPower_Digital_Lock\\Dave\\Generated\\GLOBAL_CCU4\\global_ccu4_conf.c 0x00000000   Number         0  global_ccu4_conf.o ABSOLUTE
    C:\\Users\\ciara\\Dropbox\\Applied-Computing\\Semester 2\\Embedded Systems\\CPower_Digital_Lock\\Dave\\Generated\\INTERRUPT\\interrupt.c 0x00000000   Number         0  interrupt.o ABSOLUTE
    C:\\Users\\ciara\\Dropbox\\Applied-Computing\\Semester 2\\Embedded Systems\\CPower_Digital_Lock\\Dave\\Generated\\INTERRUPT\\interrupt_conf.c 0x00000000   Number         0  interrupt_conf.o ABSOLUTE
    C:\\Users\\ciara\\Dropbox\\Applied-Computing\\Semester 2\\Embedded Systems\\CPower_Digital_Lock\\Dave\\Generated\\TIMER\\timer.c 0x00000000   Number         0  timer.o ABSOLUTE
    C:\\Users\\ciara\\Dropbox\\Applied-Computing\\Semester 2\\Embedded Systems\\CPower_Digital_Lock\\Dave\\Generated\\TIMER\\timer_conf.c 0x00000000   Number         0  timer_conf.o ABSOLUTE
    RTE\Device\XMC1100-Q024x0064\system_XMC1100.c 0x00000000   Number         0  system_xmc1100.o ABSOLUTE
    RTE\\Device\\XMC1100-Q024x0064\\startup_XMC1100.s 0x00000000   Number         0  startup_xmc1100.o ABSOLUTE
    RTE\\Device\\XMC1100-Q024x0064\\system_XMC1100.c 0x00000000   Number         0  system_xmc1100.o ABSOLUTE
    dc.s                                     0x00000000   Number         0  dc.o ABSOLUTE
    main.c                                   0x00000000   Number         0  main.o ABSOLUTE
    main.c                                   0x00000000   Number         0  main.o ABSOLUTE
    RESET                                    0x10001000   Section       24  startup_xmc1100.o(RESET)
    !!!main                                  0x10001018   Section        8  __main.o(!!!main)
    !!!scatter                               0x10001020   Section       60  __scatter.o(!!!scatter)
    !!handler_zi                             0x1000105c   Section       28  __scatter_zi.o(!!handler_zi)
    .ARM.Collect$$libinit$$00000000          0x10001078   Section        2  libinit.o(.ARM.Collect$$libinit$$00000000)
    .ARM.Collect$$libinit$$00000002          0x1000107a   Section        0  libinit2.o(.ARM.Collect$$libinit$$00000002)
    .ARM.Collect$$libinit$$00000004          0x1000107a   Section        0  libinit2.o(.ARM.Collect$$libinit$$00000004)
    .ARM.Collect$$libinit$$0000000A          0x1000107a   Section        0  libinit2.o(.ARM.Collect$$libinit$$0000000A)
    .ARM.Collect$$libinit$$0000000C          0x1000107a   Section        0  libinit2.o(.ARM.Collect$$libinit$$0000000C)
    .ARM.Collect$$libinit$$0000000E          0x1000107a   Section        0  libinit2.o(.ARM.Collect$$libinit$$0000000E)
    .ARM.Collect$$libinit$$00000011          0x1000107a   Section        0  libinit2.o(.ARM.Collect$$libinit$$00000011)
    .ARM.Collect$$libinit$$00000013          0x1000107a   Section        0  libinit2.o(.ARM.Collect$$libinit$$00000013)
    .ARM.Collect$$libinit$$00000015          0x1000107a   Section        0  libinit2.o(.ARM.Collect$$libinit$$00000015)
    .ARM.Collect$$libinit$$00000017          0x1000107a   Section        0  libinit2.o(.ARM.Collect$$libinit$$00000017)
    .ARM.Collect$$libinit$$00000019          0x1000107a   Section        0  libinit2.o(.ARM.Collect$$libinit$$00000019)
    .ARM.Collect$$libinit$$0000001B          0x1000107a   Section        0  libinit2.o(.ARM.Collect$$libinit$$0000001B)
    .ARM.Collect$$libinit$$0000001D          0x1000107a   Section        0  libinit2.o(.ARM.Collect$$libinit$$0000001D)
    .ARM.Collect$$libinit$$0000001F          0x1000107a   Section        0  libinit2.o(.ARM.Collect$$libinit$$0000001F)
    .ARM.Collect$$libinit$$00000021          0x1000107a   Section        0  libinit2.o(.ARM.Collect$$libinit$$00000021)
    .ARM.Collect$$libinit$$00000023          0x1000107a   Section        0  libinit2.o(.ARM.Collect$$libinit$$00000023)
    .ARM.Collect$$libinit$$00000025          0x1000107a   Section        0  libinit2.o(.ARM.Collect$$libinit$$00000025)
    .ARM.Collect$$libinit$$0000002C          0x1000107a   Section        0  libinit2.o(.ARM.Collect$$libinit$$0000002C)
    .ARM.Collect$$libinit$$0000002E          0x1000107a   Section        0  libinit2.o(.ARM.Collect$$libinit$$0000002E)
    .ARM.Collect$$libinit$$00000030          0x1000107a   Section        0  libinit2.o(.ARM.Collect$$libinit$$00000030)
    .ARM.Collect$$libinit$$00000032          0x1000107a   Section        0  libinit2.o(.ARM.Collect$$libinit$$00000032)
    .ARM.Collect$$libinit$$00000033          0x1000107a   Section        2  libinit2.o(.ARM.Collect$$libinit$$00000033)
    .ARM.Collect$$libshutdown$$00000000      0x1000107c   Section        2  libshutdown.o(.ARM.Collect$$libshutdown$$00000000)
    .ARM.Collect$$libshutdown$$00000002      0x1000107e   Section        0  libshutdown2.o(.ARM.Collect$$libshutdown$$00000002)
    .ARM.Collect$$libshutdown$$00000004      0x1000107e   Section        0  libshutdown2.o(.ARM.Collect$$libshutdown$$00000004)
    .ARM.Collect$$libshutdown$$00000007      0x1000107e   Section        0  libshutdown2.o(.ARM.Collect$$libshutdown$$00000007)
    .ARM.Collect$$libshutdown$$0000000A      0x1000107e   Section        0  libshutdown2.o(.ARM.Collect$$libshutdown$$0000000A)
    .ARM.Collect$$libshutdown$$0000000C      0x1000107e   Section        0  libshutdown2.o(.ARM.Collect$$libshutdown$$0000000C)
    .ARM.Collect$$libshutdown$$0000000F      0x1000107e   Section        0  libshutdown2.o(.ARM.Collect$$libshutdown$$0000000F)
    .ARM.Collect$$libshutdown$$00000010      0x1000107e   Section        2  libshutdown2.o(.ARM.Collect$$libshutdown$$00000010)
    .ARM.Collect$$rtentry$$00000000          0x10001080   Section        0  __rtentry.o(.ARM.Collect$$rtentry$$00000000)
    .ARM.Collect$$rtentry$$00000002          0x10001080   Section        0  __rtentry2.o(.ARM.Collect$$rtentry$$00000002)
    .ARM.Collect$$rtentry$$00000004          0x10001080   Section        6  __rtentry4.o(.ARM.Collect$$rtentry$$00000004)
    .ARM.Collect$$rtentry$$00000009          0x10001086   Section        0  __rtentry2.o(.ARM.Collect$$rtentry$$00000009)
    .ARM.Collect$$rtentry$$0000000A          0x10001086   Section        4  __rtentry2.o(.ARM.Collect$$rtentry$$0000000A)
    .ARM.Collect$$rtentry$$0000000C          0x1000108a   Section        0  __rtentry2.o(.ARM.Collect$$rtentry$$0000000C)
    .ARM.Collect$$rtentry$$0000000D          0x1000108a   Section        8  __rtentry2.o(.ARM.Collect$$rtentry$$0000000D)
    .ARM.Collect$$rtexit$$00000000           0x10001092   Section        2  rtexit.o(.ARM.Collect$$rtexit$$00000000)
    .ARM.Collect$$rtexit$$00000002           0x10001094   Section        0  rtexit2.o(.ARM.Collect$$rtexit$$00000002)
    .ARM.Collect$$rtexit$$00000003           0x10001094   Section        4  rtexit2.o(.ARM.Collect$$rtexit$$00000003)
    .ARM.Collect$$rtexit$$00000004           0x10001098   Section        6  rtexit2.o(.ARM.Collect$$rtexit$$00000004)
    .text                                    0x100010a0   Section       68  startup_xmc1100.o(.text)
    .text                                    0x100010e4   Section        0  llushr.o(.text)
    .text                                    0x10001106   Section        0  lludiv.o(.text)
    .text                                    0x10001208   Section      346  aeabi_sdiv.o(.text)
    .text                                    0x10001362   Section        0  heapauxi.o(.text)
    .text                                    0x10001368   Section       62  sys_stackheap_outer.o(.text)
    .text                                    0x100013a6   Section        0  exit.o(.text)
    .text                                    0x100013b8   Section        8  libspace.o(.text)
    .text                                    0x100013c0   Section        0  sys_exit.o(.text)
    .text                                    0x100013cc   Section        2  use_no_semi.o(.text)
    .text                                    0x100013ce   Section        0  __dczerorl2.o(.text)
    .text                                    0x100013ce   Section        0  indicate_semi.o(.text)
    i.CCU40_0_IRQHandler                     0x10001424   Section        0  main.o(i.CCU40_0_IRQHandler)
    i.CCU40_1_IRQHandler                     0x1000148c   Section        0  main.o(i.CCU40_1_IRQHandler)
    i.CLOCK_XMC1_Init                        0x10001528   Section        0  clock_xmc1.o(i.CLOCK_XMC1_Init)
    i.COUNTER_CC4_lEvtConfig                 0x10001550   Section        0  counter.o(i.COUNTER_CC4_lEvtConfig)
    i.COUNTER_CC4_lStart                     0x10001576   Section        0  counter.o(i.COUNTER_CC4_lStart)
    i.COUNTER_CCU4_lInit                     0x100015ac   Section        0  counter.o(i.COUNTER_CCU4_lInit)
    i.COUNTER_GetCurrentCount                0x100016a4   Section        0  counter.o(i.COUNTER_GetCurrentCount)
    i.COUNTER_Init                           0x100016bc   Section        0  counter.o(i.COUNTER_Init)
    i.COUNTER_ResetCounter                   0x100016d4   Section        0  counter.o(i.COUNTER_ResetCounter)
    i.DAVE_Init                              0x100016e8   Section        0  dave.o(i.DAVE_Init)
    i.DIGITAL_IO_GetInput                    0x100017dc   Section        0  main.o(i.DIGITAL_IO_GetInput)
    DIGITAL_IO_GetInput                      0x100017dd   Thumb Code    18  main.o(i.DIGITAL_IO_GetInput)
    i.DIGITAL_IO_Init                        0x100017ee   Section        0  digital_io.o(i.DIGITAL_IO_Init)
    i.DIGITAL_IO_SetOutputHigh               0x1000180a   Section        0  main.o(i.DIGITAL_IO_SetOutputHigh)
    DIGITAL_IO_SetOutputHigh                 0x1000180b   Thumb Code    14  main.o(i.DIGITAL_IO_SetOutputHigh)
    i.DIGITAL_IO_SetOutputLow                0x10001818   Section        0  main.o(i.DIGITAL_IO_SetOutputLow)
    DIGITAL_IO_SetOutputLow                  0x10001819   Thumb Code    16  main.o(i.DIGITAL_IO_SetOutputLow)
    i.DIGITAL_IO_ToggleOutput                0x10001828   Section        0  main.o(i.DIGITAL_IO_ToggleOutput)
    DIGITAL_IO_ToggleOutput                  0x10001829   Thumb Code    14  main.o(i.DIGITAL_IO_ToggleOutput)
    i.GLOBAL_CCU4_Init                       0x1000183c   Section        0  global_ccu4.o(i.GLOBAL_CCU4_Init)
    i.INTERRUPT_Init                         0x10001864   Section        0  interrupt.o(i.INTERRUPT_Init)
    i.NVIC_SetPriority                       0x1000189c   Section        0  interrupt.o(i.NVIC_SetPriority)
    NVIC_SetPriority                         0x1000189d   Thumb Code   110  interrupt.o(i.NVIC_SetPriority)
    i.SystemCoreClockSetup                   0x10001914   Section        0  clock_xmc1_conf.o(i.SystemCoreClockSetup)
    i.SystemCoreClockUpdate                  0x1000192c   Section        0  system_xmc1100.o(i.SystemCoreClockUpdate)
    i.SystemCoreSetup                        0x1000198c   Section        0  cpu_ctrl_xmc1_conf.o(i.SystemCoreSetup)
    i.SystemInit                             0x1000198e   Section        0  system_xmc1100.o(i.SystemInit)
    i.TIMER_CCU4_lInit                       0x1000199a   Section        0  timer.o(i.TIMER_CCU4_lInit)
    i.TIMER_CCU4_lShadowTransfer             0x10001a0e   Section        0  timer.o(i.TIMER_CCU4_lShadowTransfer)
    i.TIMER_Clear                            0x10001a2a   Section        0  timer.o(i.TIMER_Clear)
    i.TIMER_ClearEvent                       0x10001a4e   Section        0  timer.o(i.TIMER_ClearEvent)
    i.TIMER_GetInterruptStatus               0x10001a70   Section        0  timer.o(i.TIMER_GetInterruptStatus)
    i.TIMER_GetTimerStatus                   0x10001a9c   Section        0  timer.o(i.TIMER_GetTimerStatus)
    i.TIMER_Init                             0x10001abe   Section        0  timer.o(i.TIMER_Init)
    i.TIMER_SetTimeInterval                  0x10001ae0   Section        0  timer.o(i.TIMER_SetTimeInterval)
    i.TIMER_Start                            0x10001b88   Section        0  timer.o(i.TIMER_Start)
    i.TIMER_Stop                             0x10001bac   Section        0  timer.o(i.TIMER_Stop)
    i.XMC_CCU4_EnableModule                  0x10001be0   Section        0  xmc_ccu4.o(i.XMC_CCU4_EnableModule)
    i.XMC_CCU4_EnableShadowTransfer          0x10001c04   Section        0  counter.o(i.XMC_CCU4_EnableShadowTransfer)
    XMC_CCU4_EnableShadowTransfer            0x10001c05   Thumb Code     4  counter.o(i.XMC_CCU4_EnableShadowTransfer)
    i.XMC_CCU4_Init                          0x10001c08   Section        0  xmc_ccu4.o(i.XMC_CCU4_Init)
    i.XMC_CCU4_SLICE_ClearTimer              0x10001c36   Section        0  counter.o(i.XMC_CCU4_SLICE_ClearTimer)
    XMC_CCU4_SLICE_ClearTimer                0x10001c37   Thumb Code     6  counter.o(i.XMC_CCU4_SLICE_ClearTimer)
    i.XMC_CCU4_SLICE_ClearTimer              0x10001c3c   Section        0  timer.o(i.XMC_CCU4_SLICE_ClearTimer)
    XMC_CCU4_SLICE_ClearTimer                0x10001c3d   Thumb Code     6  timer.o(i.XMC_CCU4_SLICE_ClearTimer)
    i.XMC_CCU4_SLICE_CompareInit             0x10001c42   Section        0  xmc_ccu4.o(i.XMC_CCU4_SLICE_CompareInit)
    i.XMC_CCU4_SLICE_ConfigureEvent          0x10001c72   Section        0  xmc_ccu4.o(i.XMC_CCU4_SLICE_ConfigureEvent)
    i.XMC_CCU4_SLICE_CountConfig             0x10001cd8   Section        0  xmc_ccu4.o(i.XMC_CCU4_SLICE_CountConfig)
    i.XMC_CCU4_SLICE_DirectionConfig         0x10001cf0   Section        0  xmc_ccu4.o(i.XMC_CCU4_SLICE_DirectionConfig)
    i.XMC_CCU4_SLICE_GateConfig              0x10001d08   Section        0  xmc_ccu4.o(i.XMC_CCU4_SLICE_GateConfig)
    i.XMC_CCU4_SLICE_IsTimerRunning          0x10001d20   Section        0  counter.o(i.XMC_CCU4_SLICE_IsTimerRunning)
    XMC_CCU4_SLICE_IsTimerRunning            0x10001d21   Thumb Code    16  counter.o(i.XMC_CCU4_SLICE_IsTimerRunning)
    i.XMC_CCU4_SLICE_SetInterruptNode        0x10001d30   Section        0  xmc_ccu4.o(i.XMC_CCU4_SLICE_SetInterruptNode)
    i.XMC_CCU4_SLICE_SetPrescaler            0x10001d88   Section        0  xmc_ccu4.o(i.XMC_CCU4_SLICE_SetPrescaler)
    i.XMC_CCU4_SLICE_SetTimerCompareMatch    0x10001da0   Section        0  counter.o(i.XMC_CCU4_SLICE_SetTimerCompareMatch)
    XMC_CCU4_SLICE_SetTimerCompareMatch      0x10001da1   Thumb Code     4  counter.o(i.XMC_CCU4_SLICE_SetTimerCompareMatch)
    i.XMC_CCU4_SLICE_SetTimerCountingMode    0x10001da4   Section        0  xmc_ccu4.o(i.XMC_CCU4_SLICE_SetTimerCountingMode)
    i.XMC_CCU4_SLICE_StartTimer              0x10001dbc   Section        0  timer.o(i.XMC_CCU4_SLICE_StartTimer)
    XMC_CCU4_SLICE_StartTimer                0x10001dbd   Thumb Code     6  timer.o(i.XMC_CCU4_SLICE_StartTimer)
    i.XMC_GPIO_Init                          0x10001dc4   Section        0  xmc1_gpio.o(i.XMC_GPIO_Init)
    i.XMC_GPIO_SetHardwareControl            0x10001e68   Section        0  xmc_gpio.o(i.XMC_GPIO_SetHardwareControl)
    i.XMC_SCU_CLOCK_Init                     0x10001e84   Section        0  xmc1_scu.o(i.XMC_SCU_CLOCK_Init)
    i.XMC_SCU_CLOCK_ScaleMCLKFrequency       0x10001eb4   Section        0  xmc1_scu.o(i.XMC_SCU_CLOCK_ScaleMCLKFrequency)
    i.XMC_SCU_CLOCK_UngatePeripheralClock    0x10001f40   Section        0  xmc1_scu.o(i.XMC_SCU_CLOCK_UngatePeripheralClock)
    i.XMC_SCU_CLOCK_lFrequencyDownScaling    0x10001f6c   Section        0  xmc1_scu.o(i.XMC_SCU_CLOCK_lFrequencyDownScaling)
    XMC_SCU_CLOCK_lFrequencyDownScaling      0x10001f6d   Thumb Code    54  xmc1_scu.o(i.XMC_SCU_CLOCK_lFrequencyDownScaling)
    i.XMC_SCU_CLOCK_lFrequencyUpScaling      0x10001fb0   Section        0  xmc1_scu.o(i.XMC_SCU_CLOCK_lFrequencyUpScaling)
    XMC_SCU_CLOCK_lFrequencyUpScaling        0x10001fb1   Thumb Code    48  xmc1_scu.o(i.XMC_SCU_CLOCK_lFrequencyUpScaling)
    i.XMC_SCU_LockProtectedBits              0x10001fec   Section        0  xmc1_scu.o(i.XMC_SCU_LockProtectedBits)
    i.XMC_SCU_UnlockProtectedBits            0x10001ff8   Section        0  xmc1_scu.o(i.XMC_SCU_UnlockProtectedBits)
    i.__ARM_common_ll_muluu                  0x10002014   Section        0  timer.o(i.__ARM_common_ll_muluu)
    i.__ARM_common_switch8                   0x10002044   Section        0  xmc_ccu4.o(i.__ARM_common_switch8)
    i.checkComboMode                         0x10002060   Section        0  main.o(i.checkComboMode)
    i.combosEqual                            0x10002098   Section        0  main.o(i.combosEqual)
    i.debounceTimer                          0x100020dc   Section        0  main.o(i.debounceTimer)
    i.enteredAddMode                         0x10002104   Section        0  main.o(i.enteredAddMode)
    i.entryLockMode                          0x100021bc   Section        0  main.o(i.entryLockMode)
    i.errorMode                              0x100021f0   Section        0  main.o(i.errorMode)
    i.getEvent                               0x1000224c   Section        0  main.o(i.getEvent)
    i.getNextState                           0x100023d0   Section        0  main.o(i.getNextState)
    i.lockedIdleMode                         0x100023f4   Section        0  main.o(i.lockedIdleMode)
    i.main                                   0x10002428   Section        0  main.o(i.main)
    i.openIdleMode                           0x100025b0   Section        0  main.o(i.openIdleMode)
    i.resetEntriesMode                       0x100025e0   Section        0  main.o(i.resetEntriesMode)
    i.resetErrorMode                         0x1000261c   Section        0  main.o(i.resetErrorMode)
    i.resetMode                              0x10002650   Section        0  main.o(i.resetMode)
    i.savedAddMode                           0x10002668   Section        0  main.o(i.savedAddMode)
    .constdata                               0x10002704   Section       12  clock_xmc1_conf.o(.constdata)
    .constdata                               0x10002710   Section      128  digital_io_conf.o(.constdata)
    .constdata                               0x10002790   Section        6  interrupt_conf.o(.constdata)
    .ARM.__at_0x20000000                     0x20000000   Section      384  startup_xmc1100.o(.ARM.__at_0x20000000)
    .data                                    0x20000180   Section      888  main.o(.data)
    .data                                    0x200004f8   Section        1  clock_xmc1_conf.o(.data)
    .data                                    0x200004fc   Section       60  counter_conf.o(.data)
    .data                                    0x20000538   Section       16  global_ccu4_conf.o(.data)
    .data                                    0x20000548   Section      144  timer_conf.o(.data)
    .data                                    0x200005d8   Section        8  system_xmc1100.o(.data)
    IDIV                                     0x200005d8   Data           4  system_xmc1100.o(.data)
    FDIV                                     0x200005dc   Data           4  system_xmc1100.o(.data)
    .bss                                     0x200005e0   Section       16  main.o(.bss)
    .bss                                     0x200005f0   Section       96  libspace.o(.bss)
    HEAP                                     0x20000650   Section      512  startup_xmc1100.o(HEAP)
    Heap_Mem                                 0x20000650   Data         512  startup_xmc1100.o(HEAP)
    STACK                                    0x20000850   Section     1024  startup_xmc1100.o(STACK)
    Stack_Mem                                0x20000850   Data        1024  startup_xmc1100.o(STACK)
    __initial_sp                             0x20000c50   Data           0  startup_xmc1100.o(STACK)
    .ARM.__AT_0x20003FFC                     0x20003ffc   Section        4  system_xmc1100.o(.ARM.__AT_0x20003FFC)

    Global Symbols

    Symbol Name                              Value     Ov Type        Size  Object(Section)

    BuildAttributes$$THM_ISAv3M$S$PE$A:L22$X:L11$S22$IEEE1$IW$USESV6$~STKCKD$USESV7$~SHL$OSPACE$ROPI$EBA8$UX$STANDARDLIB$REQ8$PRES8$EABIv2 0x00000000   Number         0  anon$$obj.o ABSOLUTE
    __ARM_use_no_argv                        0x00000000   Number         0  main.o ABSOLUTE
    __ARM_exceptions_init                     - Undefined Weak Reference
    __alloca_initialize                       - Undefined Weak Reference
    __arm_preinit_                            - Undefined Weak Reference
    __cpp_initialize__aeabi_                  - Undefined Weak Reference
    __cxa_finalize                            - Undefined Weak Reference
    __rt_locale                               - Undefined Weak Reference
    __sigvec_lookup                           - Undefined Weak Reference
    _atexit_init                              - Undefined Weak Reference
    _call_atexit_fns                          - Undefined Weak Reference
    _clock_init                               - Undefined Weak Reference
    _fp_trap_init                             - Undefined Weak Reference
    _fp_trap_shutdown                         - Undefined Weak Reference
    _get_lc_collate                           - Undefined Weak Reference
    _get_lc_ctype                             - Undefined Weak Reference
    _get_lc_monetary                          - Undefined Weak Reference
    _get_lc_numeric                           - Undefined Weak Reference
    _get_lc_time                              - Undefined Weak Reference
    _getenv_init                              - Undefined Weak Reference
    _handle_redirection                       - Undefined Weak Reference
    _init_alloc                               - Undefined Weak Reference
    _init_user_alloc                          - Undefined Weak Reference
    _initio                                   - Undefined Weak Reference
    _rand_init                                - Undefined Weak Reference
    _signal_finish                            - Undefined Weak Reference
    _signal_init                              - Undefined Weak Reference
    _terminate_alloc                          - Undefined Weak Reference
    _terminate_user_alloc                     - Undefined Weak Reference
    _terminateio                              - Undefined Weak Reference
    __Vectors_Size                           0x00000018   Number         0  startup_xmc1100.o ABSOLUTE
    __Vectors                                0x10001000   Data           4  startup_xmc1100.o(RESET)
    __Vectors_End                            0x10001018   Data           0  startup_xmc1100.o(RESET)
    __main                                   0x10001019   Thumb Code     8  __main.o(!!!main)
    __scatterload                            0x10001021   Thumb Code     0  __scatter.o(!!!scatter)
    __scatterload_rt2                        0x10001021   Thumb Code    52  __scatter.o(!!!scatter)
    __scatterload_rt2_thumb_only             0x10001021   Thumb Code     0  __scatter.o(!!!scatter)
    __scatterload_null                       0x10001031   Thumb Code     0  __scatter.o(!!!scatter)
    __scatterload_zeroinit                   0x1000105d   Thumb Code    28  __scatter_zi.o(!!handler_zi)
    __rt_lib_init                            0x10001079   Thumb Code     0  libinit.o(.ARM.Collect$$libinit$$00000000)
    __rt_lib_init_alloca_1                   0x1000107b   Thumb Code     0  libinit2.o(.ARM.Collect$$libinit$$0000002E)
    __rt_lib_init_argv_1                     0x1000107b   Thumb Code     0  libinit2.o(.ARM.Collect$$libinit$$0000002C)
    __rt_lib_init_atexit_1                   0x1000107b   Thumb Code     0  libinit2.o(.ARM.Collect$$libinit$$0000001B)
    __rt_lib_init_clock_1                    0x1000107b   Thumb Code     0  libinit2.o(.ARM.Collect$$libinit$$00000021)
    __rt_lib_init_cpp_1                      0x1000107b   Thumb Code     0  libinit2.o(.ARM.Collect$$libinit$$00000032)
    __rt_lib_init_exceptions_1               0x1000107b   Thumb Code     0  libinit2.o(.ARM.Collect$$libinit$$00000030)
    __rt_lib_init_fp_1                       0x1000107b   Thumb Code     0  libinit2.o(.ARM.Collect$$libinit$$00000002)
    __rt_lib_init_fp_trap_1                  0x1000107b   Thumb Code     0  libinit2.o(.ARM.Collect$$libinit$$0000001F)
    __rt_lib_init_getenv_1                   0x1000107b   Thumb Code     0  libinit2.o(.ARM.Collect$$libinit$$00000023)
    __rt_lib_init_heap_1                     0x1000107b   Thumb Code     0  libinit2.o(.ARM.Collect$$libinit$$0000000A)
    __rt_lib_init_lc_collate_1               0x1000107b   Thumb Code     0  libinit2.o(.ARM.Collect$$libinit$$00000011)
    __rt_lib_init_lc_ctype_1                 0x1000107b   Thumb Code     0  libinit2.o(.ARM.Collect$$libinit$$00000013)
    __rt_lib_init_lc_monetary_1              0x1000107b   Thumb Code     0  libinit2.o(.ARM.Collect$$libinit$$00000015)
    __rt_lib_init_lc_numeric_1               0x1000107b   Thumb Code     0  libinit2.o(.ARM.Collect$$libinit$$00000017)
    __rt_lib_init_lc_time_1                  0x1000107b   Thumb Code     0  libinit2.o(.ARM.Collect$$libinit$$00000019)
    __rt_lib_init_preinit_1                  0x1000107b   Thumb Code     0  libinit2.o(.ARM.Collect$$libinit$$00000004)
    __rt_lib_init_rand_1                     0x1000107b   Thumb Code     0  libinit2.o(.ARM.Collect$$libinit$$0000000E)
    __rt_lib_init_return                     0x1000107b   Thumb Code     0  libinit2.o(.ARM.Collect$$libinit$$00000033)
    __rt_lib_init_signal_1                   0x1000107b   Thumb Code     0  libinit2.o(.ARM.Collect$$libinit$$0000001D)
    __rt_lib_init_stdio_1                    0x1000107b   Thumb Code     0  libinit2.o(.ARM.Collect$$libinit$$00000025)
    __rt_lib_init_user_alloc_1               0x1000107b   Thumb Code     0  libinit2.o(.ARM.Collect$$libinit$$0000000C)
    __rt_lib_shutdown                        0x1000107d   Thumb Code     0  libshutdown.o(.ARM.Collect$$libshutdown$$00000000)
    __rt_lib_shutdown_cpp_1                  0x1000107f   Thumb Code     0  libshutdown2.o(.ARM.Collect$$libshutdown$$00000002)
    __rt_lib_shutdown_fp_trap_1              0x1000107f   Thumb Code     0  libshutdown2.o(.ARM.Collect$$libshutdown$$00000007)
    __rt_lib_shutdown_heap_1                 0x1000107f   Thumb Code     0  libshutdown2.o(.ARM.Collect$$libshutdown$$0000000F)
    __rt_lib_shutdown_return                 0x1000107f   Thumb Code     0  libshutdown2.o(.ARM.Collect$$libshutdown$$00000010)
    __rt_lib_shutdown_signal_1               0x1000107f   Thumb Code     0  libshutdown2.o(.ARM.Collect$$libshutdown$$0000000A)
    __rt_lib_shutdown_stdio_1                0x1000107f   Thumb Code     0  libshutdown2.o(.ARM.Collect$$libshutdown$$00000004)
    __rt_lib_shutdown_user_alloc_1           0x1000107f   Thumb Code     0  libshutdown2.o(.ARM.Collect$$libshutdown$$0000000C)
    __rt_entry                               0x10001081   Thumb Code     0  __rtentry.o(.ARM.Collect$$rtentry$$00000000)
    __rt_entry_presh_1                       0x10001081   Thumb Code     0  __rtentry2.o(.ARM.Collect$$rtentry$$00000002)
    __rt_entry_sh                            0x10001081   Thumb Code     0  __rtentry4.o(.ARM.Collect$$rtentry$$00000004)
    __rt_entry_li                            0x10001087   Thumb Code     0  __rtentry2.o(.ARM.Collect$$rtentry$$0000000A)
    __rt_entry_postsh_1                      0x10001087   Thumb Code     0  __rtentry2.o(.ARM.Collect$$rtentry$$00000009)
    __rt_entry_main                          0x1000108b   Thumb Code     0  __rtentry2.o(.ARM.Collect$$rtentry$$0000000D)
    __rt_entry_postli_1                      0x1000108b   Thumb Code     0  __rtentry2.o(.ARM.Collect$$rtentry$$0000000C)
    __rt_exit                                0x10001093   Thumb Code     0  rtexit.o(.ARM.Collect$$rtexit$$00000000)
    __rt_exit_ls                             0x10001095   Thumb Code     0  rtexit2.o(.ARM.Collect$$rtexit$$00000003)
    __rt_exit_prels_1                        0x10001095   Thumb Code     0  rtexit2.o(.ARM.Collect$$rtexit$$00000002)
    __rt_exit_exit                           0x10001099   Thumb Code     0  rtexit2.o(.ARM.Collect$$rtexit$$00000004)
    Reset_Handler                            0x100010a1   Thumb Code    22  startup_xmc1100.o(.text)
    CCU40_2_IRQHandler                       0x100010b7   Thumb Code     0  startup_xmc1100.o(.text)
    CCU40_3_IRQHandler                       0x100010b7   Thumb Code     0  startup_xmc1100.o(.text)
    ERU0_0_IRQHandler                        0x100010b7   Thumb Code     0  startup_xmc1100.o(.text)
    ERU0_1_IRQHandler                        0x100010b7   Thumb Code     0  startup_xmc1100.o(.text)
    ERU0_2_IRQHandler                        0x100010b7   Thumb Code     0  startup_xmc1100.o(.text)
    ERU0_3_IRQHandler                        0x100010b7   Thumb Code     0  startup_xmc1100.o(.text)
    HardFault_Handler                        0x100010b7   Thumb Code     0  startup_xmc1100.o(.text)
    PendSV_Handler                           0x100010b7   Thumb Code     0  startup_xmc1100.o(.text)
    SCU_0_IRQHandler                         0x100010b7   Thumb Code     0  startup_xmc1100.o(.text)
    SCU_1_IRQHandler                         0x100010b7   Thumb Code     0  startup_xmc1100.o(.text)
    SCU_2_IRQHandler                         0x100010b7   Thumb Code     0  startup_xmc1100.o(.text)
    SVC_Handler                              0x100010b7   Thumb Code     0  startup_xmc1100.o(.text)
    SysTick_Handler                          0x100010b7   Thumb Code     0  startup_xmc1100.o(.text)
    USIC0_0_IRQHandler                       0x100010b7   Thumb Code     0  startup_xmc1100.o(.text)
    USIC0_1_IRQHandler                       0x100010b7   Thumb Code     0  startup_xmc1100.o(.text)
    USIC0_2_IRQHandler                       0x100010b7   Thumb Code     0  startup_xmc1100.o(.text)
    USIC0_3_IRQHandler                       0x100010b7   Thumb Code     0  startup_xmc1100.o(.text)
    USIC0_4_IRQHandler                       0x100010b7   Thumb Code     0  startup_xmc1100.o(.text)
    USIC0_5_IRQHandler                       0x100010b7   Thumb Code     0  startup_xmc1100.o(.text)
    VADC0_C0_0_IRQHandler                    0x100010b7   Thumb Code     0  startup_xmc1100.o(.text)
    VADC0_C0_1_IRQHandler                    0x100010b7   Thumb Code     0  startup_xmc1100.o(.text)
    __user_initial_stackheap                 0x100010b9   Thumb Code    10  startup_xmc1100.o(.text)
    __aeabi_llsr                             0x100010e5   Thumb Code    34  llushr.o(.text)
    _ll_ushift_r                             0x100010e5   Thumb Code     0  llushr.o(.text)
    __aeabi_uldivmod                         0x10001107   Thumb Code   258  lludiv.o(.text)
    _ll_udiv                                 0x10001107   Thumb Code     0  lludiv.o(.text)
    __aeabi_uidiv                            0x10001209   Thumb Code     0  aeabi_sdiv.o(.text)
    __aeabi_uidivmod                         0x10001209   Thumb Code    20  aeabi_sdiv.o(.text)
    __aeabi_idiv                             0x1000121d   Thumb Code     0  aeabi_sdiv.o(.text)
    __aeabi_idivmod                          0x1000121d   Thumb Code   326  aeabi_sdiv.o(.text)
    __use_two_region_memory                  0x10001363   Thumb Code     2  heapauxi.o(.text)
    __rt_heap_escrow$2region                 0x10001365   Thumb Code     2  heapauxi.o(.text)
    __rt_heap_expand$2region                 0x10001367   Thumb Code     2  heapauxi.o(.text)
    __user_setup_stackheap                   0x10001369   Thumb Code    62  sys_stackheap_outer.o(.text)
    exit                                     0x100013a7   Thumb Code    16  exit.o(.text)
    __user_libspace                          0x100013b9   Thumb Code     8  libspace.o(.text)
    __user_perproc_libspace                  0x100013b9   Thumb Code     0  libspace.o(.text)
    __user_perthread_libspace                0x100013b9   Thumb Code     0  libspace.o(.text)
    _sys_exit                                0x100013c1   Thumb Code     8  sys_exit.o(.text)
    __I$use$semihosting                      0x100013cd   Thumb Code     0  use_no_semi.o(.text)
    __use_no_semihosting_swi                 0x100013cd   Thumb Code     2  use_no_semi.o(.text)
    __decompress                             0x100013cf   Thumb Code     0  __dczerorl2.o(.text)
    __decompress1                            0x100013cf   Thumb Code    86  __dczerorl2.o(.text)
    __semihosting_library_function           0x100013cf   Thumb Code     0  indicate_semi.o(.text)
    CCU40_0_IRQHandler                       0x10001425   Thumb Code    92  main.o(i.CCU40_0_IRQHandler)
    CCU40_1_IRQHandler                       0x1000148d   Thumb Code   134  main.o(i.CCU40_1_IRQHandler)
    CLOCK_XMC1_Init                          0x10001529   Thumb Code    40  clock_xmc1.o(i.CLOCK_XMC1_Init)
    COUNTER_CC4_lEvtConfig                   0x10001551   Thumb Code    38  counter.o(i.COUNTER_CC4_lEvtConfig)
    COUNTER_CC4_lStart                       0x10001577   Thumb Code    52  counter.o(i.COUNTER_CC4_lStart)
    COUNTER_CCU4_lInit                       0x100015ad   Thumb Code   242  counter.o(i.COUNTER_CCU4_lInit)
    COUNTER_GetCurrentCount                  0x100016a5   Thumb Code    24  counter.o(i.COUNTER_GetCurrentCount)
    COUNTER_Init                             0x100016bd   Thumb Code    24  counter.o(i.COUNTER_Init)
    COUNTER_ResetCounter                     0x100016d5   Thumb Code    20  counter.o(i.COUNTER_ResetCounter)
    DAVE_Init                                0x100016e9   Thumb Code   184  dave.o(i.DAVE_Init)
    DIGITAL_IO_Init                          0x100017ef   Thumb Code    28  digital_io.o(i.DIGITAL_IO_Init)
    GLOBAL_CCU4_Init                         0x1000183d   Thumb Code    40  global_ccu4.o(i.GLOBAL_CCU4_Init)
    INTERRUPT_Init                           0x10001865   Thumb Code    52  interrupt.o(i.INTERRUPT_Init)
    SystemCoreClockSetup                     0x10001915   Thumb Code    18  clock_xmc1_conf.o(i.SystemCoreClockSetup)
    SystemCoreClockUpdate                    0x1000192d   Thumb Code    70  system_xmc1100.o(i.SystemCoreClockUpdate)
    SystemCoreSetup                          0x1000198d   Thumb Code     2  cpu_ctrl_xmc1_conf.o(i.SystemCoreSetup)
    SystemInit                               0x1000198f   Thumb Code    12  system_xmc1100.o(i.SystemInit)
    TIMER_CCU4_lInit                         0x1000199b   Thumb Code   116  timer.o(i.TIMER_CCU4_lInit)
    TIMER_CCU4_lShadowTransfer               0x10001a0f   Thumb Code    28  timer.o(i.TIMER_CCU4_lShadowTransfer)
    TIMER_Clear                              0x10001a2b   Thumb Code    36  timer.o(i.TIMER_Clear)
    TIMER_ClearEvent                         0x10001a4f   Thumb Code    34  timer.o(i.TIMER_ClearEvent)
    TIMER_GetInterruptStatus                 0x10001a71   Thumb Code    44  timer.o(i.TIMER_GetInterruptStatus)
    TIMER_GetTimerStatus                     0x10001a9d   Thumb Code    34  timer.o(i.TIMER_GetTimerStatus)
    TIMER_Init                               0x10001abf   Thumb Code    34  timer.o(i.TIMER_Init)
    TIMER_SetTimeInterval                    0x10001ae1   Thumb Code   162  timer.o(i.TIMER_SetTimeInterval)
    TIMER_Start                              0x10001b89   Thumb Code    36  timer.o(i.TIMER_Start)
    TIMER_Stop                               0x10001bad   Thumb Code    50  timer.o(i.TIMER_Stop)
    XMC_CCU4_EnableModule                    0x10001be1   Thumb Code    30  xmc_ccu4.o(i.XMC_CCU4_EnableModule)
    XMC_CCU4_Init                            0x10001c09   Thumb Code    46  xmc_ccu4.o(i.XMC_CCU4_Init)
    XMC_CCU4_SLICE_CompareInit               0x10001c43   Thumb Code    48  xmc_ccu4.o(i.XMC_CCU4_SLICE_CompareInit)
    XMC_CCU4_SLICE_ConfigureEvent            0x10001c73   Thumb Code   102  xmc_ccu4.o(i.XMC_CCU4_SLICE_ConfigureEvent)
    XMC_CCU4_SLICE_CountConfig               0x10001cd9   Thumb Code    24  xmc_ccu4.o(i.XMC_CCU4_SLICE_CountConfig)
    XMC_CCU4_SLICE_DirectionConfig           0x10001cf1   Thumb Code    24  xmc_ccu4.o(i.XMC_CCU4_SLICE_DirectionConfig)
    XMC_CCU4_SLICE_GateConfig                0x10001d09   Thumb Code    24  xmc_ccu4.o(i.XMC_CCU4_SLICE_GateConfig)
    XMC_CCU4_SLICE_SetInterruptNode          0x10001d31   Thumb Code    88  xmc_ccu4.o(i.XMC_CCU4_SLICE_SetInterruptNode)
    XMC_CCU4_SLICE_SetPrescaler              0x10001d89   Thumb Code    24  xmc_ccu4.o(i.XMC_CCU4_SLICE_SetPrescaler)
    XMC_CCU4_SLICE_SetTimerCountingMode      0x10001da5   Thumb Code    24  xmc_ccu4.o(i.XMC_CCU4_SLICE_SetTimerCountingMode)
    XMC_GPIO_Init                            0x10001dc5   Thumb Code   158  xmc1_gpio.o(i.XMC_GPIO_Init)
    XMC_GPIO_SetHardwareControl              0x10001e69   Thumb Code    28  xmc_gpio.o(i.XMC_GPIO_SetHardwareControl)
    XMC_SCU_CLOCK_Init                       0x10001e85   Thumb Code    44  xmc1_scu.o(i.XMC_SCU_CLOCK_Init)
    XMC_SCU_CLOCK_ScaleMCLKFrequency         0x10001eb5   Thumb Code   124  xmc1_scu.o(i.XMC_SCU_CLOCK_ScaleMCLKFrequency)
    XMC_SCU_CLOCK_UngatePeripheralClock      0x10001f41   Thumb Code    40  xmc1_scu.o(i.XMC_SCU_CLOCK_UngatePeripheralClock)
    XMC_SCU_LockProtectedBits                0x10001fed   Thumb Code     8  xmc1_scu.o(i.XMC_SCU_LockProtectedBits)
    XMC_SCU_UnlockProtectedBits              0x10001ff9   Thumb Code    22  xmc1_scu.o(i.XMC_SCU_UnlockProtectedBits)
    __ARM_common_ll_muluu                    0x10002015   Thumb Code    48  timer.o(i.__ARM_common_ll_muluu)
    __ARM_common_switch8                     0x10002045   Thumb Code    28  xmc_ccu4.o(i.__ARM_common_switch8)
    checkComboMode                           0x10002061   Thumb Code    44  main.o(i.checkComboMode)
    combosEqual                              0x10002099   Thumb Code    50  main.o(i.combosEqual)
    debounceTimer                            0x100020dd   Thumb Code    34  main.o(i.debounceTimer)
    enteredAddMode                           0x10002105   Thumb Code   140  main.o(i.enteredAddMode)
    entryLockMode                            0x100021bd   Thumb Code    36  main.o(i.entryLockMode)
    errorMode                                0x100021f1   Thumb Code    62  main.o(i.errorMode)
    getEvent                                 0x1000224d   Thumb Code   322  main.o(i.getEvent)
    getNextState                             0x100023d1   Thumb Code    36  main.o(i.getNextState)
    lockedIdleMode                           0x100023f5   Thumb Code    30  main.o(i.lockedIdleMode)
    main                                     0x10002429   Thumb Code   328  main.o(i.main)
    openIdleMode                             0x100025b1   Thumb Code    28  main.o(i.openIdleMode)
    resetEntriesMode                         0x100025e1   Thumb Code    40  main.o(i.resetEntriesMode)
    resetErrorMode                           0x1000261d   Thumb Code    34  main.o(i.resetErrorMode)
    resetMode                                0x10002651   Thumb Code    14  main.o(i.resetMode)
    savedAddMode                             0x10002669   Thumb Code   118  main.o(i.savedAddMode)
    ERROR_LED                                0x10002710   Data          16  digital_io_conf.o(.constdata)
    LOCK_LED                                 0x10002720   Data          16  digital_io_conf.o(.constdata)
    PUSHBUTTON_PRESSED                       0x10002730   Data          16  digital_io_conf.o(.constdata)
    BUTTON_1                                 0x10002740   Data          16  digital_io_conf.o(.constdata)
    BUTTON_2                                 0x10002750   Data          16  digital_io_conf.o(.constdata)
    BUTTON_3                                 0x10002760   Data          16  digital_io_conf.o(.constdata)
    BUTTON_4                                 0x10002770   Data          16  digital_io_conf.o(.constdata)
    BUTTON_RESET                             0x10002780   Data          16  digital_io_conf.o(.constdata)
    SECONDS_TIMER_INTERRUPT                  0x10002790   Data           3  interrupt_conf.o(.constdata)
    MINUTES_TIMER_INTERRUPT                  0x10002793   Data           3  interrupt_conf.o(.constdata)
    Region$$Table$$Base                      0x10002798   Number         0  anon$$obj.o(Region$$Table)
    Region$$Table$$Limit                     0x100027b8   Number         0  anon$$obj.o(Region$$Table)
    button1                                  0x20000180   Data           4  main.o(.data)
    button2                                  0x20000184   Data           4  main.o(.data)
    button3                                  0x20000188   Data           4  main.o(.data)
    button4                                  0x2000018c   Data           4  main.o(.data)
    reset                                    0x20000190   Data           4  main.o(.data)
    count                                    0x20000194   Data           4  main.o(.data)
    locked                                   0x20000198   Data           4  main.o(.data)
    resetValue                               0x2000019c   Data           4  main.o(.data)
    errorCount                               0x200001a0   Data           4  main.o(.data)
    errorFlashCount                          0x200001a4   Data           4  main.o(.data)
    thirtySecCount                           0x200001a8   Data           4  main.o(.data)
    saved_combo                              0x200001ac   Data          16  main.o(.data)
    nsTable                                  0x200001bc   Data         800  main.o(.data)
    currentState                             0x200004dc   Data           4  main.o(.data)
    event                                    0x200004e0   Data           4  main.o(.data)
    entered                                  0x200004e4   Data           4  main.o(.data)
    saved                                    0x200004e8   Data           4  main.o(.data)
    same                                     0x200004ec   Data           4  main.o(.data)
    checked                                  0x200004f0   Data           4  main.o(.data)
    tenSecTimer                              0x200004f4   Data           4  main.o(.data)
    CLOCK_XMC1_0                             0x200004f8   Data           1  clock_xmc1_conf.o(.data)
    PUSHBUTTON_COUNT_event0_config           0x200004fc   Data           4  counter_conf.o(.data)
    PUSHBUTTON_COUNT_ccu4_config             0x20000500   Data          48  counter_conf.o(.data)
    PUSHBUTTON_COUNT                         0x20000530   Data           8  counter_conf.o(.data)
    GLOBAL_CCU4_0                            0x20000538   Data          16  global_ccu4_conf.o(.data)
    DEBOUNCE_TIMER_config                    0x20000548   Data           8  timer_conf.o(.data)
    DEBOUNCE_TIMER                           0x20000550   Data          40  timer_conf.o(.data)
    SECONDS_TIMER_config                     0x20000578   Data           8  timer_conf.o(.data)
    SECONDS_TIMER                            0x20000580   Data          40  timer_conf.o(.data)
    MINUTES_TIMER_config                     0x200005a8   Data           8  timer_conf.o(.data)
    MINUTES_TIMER                            0x200005b0   Data          40  timer_conf.o(.data)
    entered_combo                            0x200005e0   Data          16  main.o(.bss)
    __libspace_start                         0x200005f0   Data          96  libspace.o(.bss)
    __temporary_stack_top$libspace           0x20000650   Data           0  libspace.o(.bss)
    SystemCoreClock                          0x20003ffc   Data           4  system_xmc1100.o(.ARM.__AT_0x20003FFC)



==============================================================================

Memory Map of the image

  Image Entry point : 0x100010a1

  Load Region LR_1 (Base: 0x10001000, Size: 0x00001d98, Max: 0xffffffff, ABSOLUTE, COMPRESSED[0x000018ec])

    Execution Region ER_RO (Base: 0x10001000, Size: 0x000017b8, Max: 0xffffffff, ABSOLUTE)

    Base Addr    Size         Type   Attr      Idx    E Section Name        Object

    0x10001000   0x00000018   Data   RO         2656    RESET               startup_xmc1100.o
    0x10001018   0x00000008   Code   RO         2723  * !!!main             c_p.l(__main.o)
    0x10001020   0x0000003c   Code   RO         2898    !!!scatter          c_p.l(__scatter.o)
    0x1000105c   0x0000001c   Code   RO         2900    !!handler_zi        c_p.l(__scatter_zi.o)
    0x10001078   0x00000002   Code   RO         2765    .ARM.Collect$$libinit$$00000000  c_p.l(libinit.o)
    0x1000107a   0x00000000   Code   RO         2779    .ARM.Collect$$libinit$$00000002  c_p.l(libinit2.o)
    0x1000107a   0x00000000   Code   RO         2781    .ARM.Collect$$libinit$$00000004  c_p.l(libinit2.o)
    0x1000107a   0x00000000   Code   RO         2784    .ARM.Collect$$libinit$$0000000A  c_p.l(libinit2.o)
    0x1000107a   0x00000000   Code   RO         2786    .ARM.Collect$$libinit$$0000000C  c_p.l(libinit2.o)
    0x1000107a   0x00000000   Code   RO         2788    .ARM.Collect$$libinit$$0000000E  c_p.l(libinit2.o)
    0x1000107a   0x00000000   Code   RO         2791    .ARM.Collect$$libinit$$00000011  c_p.l(libinit2.o)
    0x1000107a   0x00000000   Code   RO         2793    .ARM.Collect$$libinit$$00000013  c_p.l(libinit2.o)
    0x1000107a   0x00000000   Code   RO         2795    .ARM.Collect$$libinit$$00000015  c_p.l(libinit2.o)
    0x1000107a   0x00000000   Code   RO         2797    .ARM.Collect$$libinit$$00000017  c_p.l(libinit2.o)
    0x1000107a   0x00000000   Code   RO         2799    .ARM.Collect$$libinit$$00000019  c_p.l(libinit2.o)
    0x1000107a   0x00000000   Code   RO         2801    .ARM.Collect$$libinit$$0000001B  c_p.l(libinit2.o)
    0x1000107a   0x00000000   Code   RO         2803    .ARM.Collect$$libinit$$0000001D  c_p.l(libinit2.o)
    0x1000107a   0x00000000   Code   RO         2805    .ARM.Collect$$libinit$$0000001F  c_p.l(libinit2.o)
    0x1000107a   0x00000000   Code   RO         2807    .ARM.Collect$$libinit$$00000021  c_p.l(libinit2.o)
    0x1000107a   0x00000000   Code   RO         2809    .ARM.Collect$$libinit$$00000023  c_p.l(libinit2.o)
    0x1000107a   0x00000000   Code   RO         2811    .ARM.Collect$$libinit$$00000025  c_p.l(libinit2.o)
    0x1000107a   0x00000000   Code   RO         2815    .ARM.Collect$$libinit$$0000002C  c_p.l(libinit2.o)
    0x1000107a   0x00000000   Code   RO         2817    .ARM.Collect$$libinit$$0000002E  c_p.l(libinit2.o)
    0x1000107a   0x00000000   Code   RO         2819    .ARM.Collect$$libinit$$00000030  c_p.l(libinit2.o)
    0x1000107a   0x00000000   Code   RO         2821    .ARM.Collect$$libinit$$00000032  c_p.l(libinit2.o)
    0x1000107a   0x00000002   Code   RO         2822    .ARM.Collect$$libinit$$00000033  c_p.l(libinit2.o)
    0x1000107c   0x00000002   Code   RO         2853    .ARM.Collect$$libshutdown$$00000000  c_p.l(libshutdown.o)
    0x1000107e   0x00000000   Code   RO         2879    .ARM.Collect$$libshutdown$$00000002  c_p.l(libshutdown2.o)
    0x1000107e   0x00000000   Code   RO         2881    .ARM.Collect$$libshutdown$$00000004  c_p.l(libshutdown2.o)
    0x1000107e   0x00000000   Code   RO         2884    .ARM.Collect$$libshutdown$$00000007  c_p.l(libshutdown2.o)
    0x1000107e   0x00000000   Code   RO         2887    .ARM.Collect$$libshutdown$$0000000A  c_p.l(libshutdown2.o)
    0x1000107e   0x00000000   Code   RO         2889    .ARM.Collect$$libshutdown$$0000000C  c_p.l(libshutdown2.o)
    0x1000107e   0x00000000   Code   RO         2892    .ARM.Collect$$libshutdown$$0000000F  c_p.l(libshutdown2.o)
    0x1000107e   0x00000002   Code   RO         2893    .ARM.Collect$$libshutdown$$00000010  c_p.l(libshutdown2.o)
    0x10001080   0x00000000   Code   RO         2725    .ARM.Collect$$rtentry$$00000000  c_p.l(__rtentry.o)
    0x10001080   0x00000000   Code   RO         2735    .ARM.Collect$$rtentry$$00000002  c_p.l(__rtentry2.o)
    0x10001080   0x00000006   Code   RO         2747    .ARM.Collect$$rtentry$$00000004  c_p.l(__rtentry4.o)
    0x10001086   0x00000000   Code   RO         2737    .ARM.Collect$$rtentry$$00000009  c_p.l(__rtentry2.o)
    0x10001086   0x00000004   Code   RO         2738    .ARM.Collect$$rtentry$$0000000A  c_p.l(__rtentry2.o)
    0x1000108a   0x00000000   Code   RO         2740    .ARM.Collect$$rtentry$$0000000C  c_p.l(__rtentry2.o)
    0x1000108a   0x00000008   Code   RO         2741    .ARM.Collect$$rtentry$$0000000D  c_p.l(__rtentry2.o)
    0x10001092   0x00000002   Code   RO         2770    .ARM.Collect$$rtexit$$00000000  c_p.l(rtexit.o)
    0x10001094   0x00000000   Code   RO         2826    .ARM.Collect$$rtexit$$00000002  c_p.l(rtexit2.o)
    0x10001094   0x00000004   Code   RO         2827    .ARM.Collect$$rtexit$$00000003  c_p.l(rtexit2.o)
    0x10001098   0x00000006   Code   RO         2828    .ARM.Collect$$rtexit$$00000004  c_p.l(rtexit2.o)
    0x1000109e   0x00000002   PAD
    0x100010a0   0x00000044   Code   RO         2657  * .text               startup_xmc1100.o
    0x100010e4   0x00000022   Code   RO         2711    .text               c_p.l(llushr.o)
    0x10001106   0x00000102   Code   RO         2715    .text               c_p.l(lludiv.o)
    0x10001208   0x0000015a   Code   RO         2717    .text               c_p.l(aeabi_sdiv.o)
    0x10001362   0x00000006   Code   RO         2721    .text               c_p.l(heapauxi.o)
    0x10001368   0x0000003e   Code   RO         2751    .text               c_p.l(sys_stackheap_outer.o)
    0x100013a6   0x00000010   Code   RO         2754    .text               c_p.l(exit.o)
    0x100013b6   0x00000002   PAD
    0x100013b8   0x00000008   Code   RO         2766    .text               c_p.l(libspace.o)
    0x100013c0   0x0000000c   Code   RO         2823    .text               c_p.l(sys_exit.o)
    0x100013cc   0x00000002   Code   RO         2842    .text               c_p.l(use_no_semi.o)
    0x100013ce   0x00000000   Code   RO         2844    .text               c_p.l(indicate_semi.o)
    0x100013ce   0x00000056   Code   RO         2896    .text               c_p.l(__dczerorl2.o)
    0x10001424   0x00000068   Code   RO            3    i.CCU40_0_IRQHandler  main.o
    0x1000148c   0x0000009c   Code   RO            4    i.CCU40_1_IRQHandler  main.o
    0x10001528   0x00000028   Code   RO          278    i.CLOCK_XMC1_Init   clock_xmc1.o
    0x10001550   0x00000026   Code   RO          346    i.COUNTER_CC4_lEvtConfig  counter.o
    0x10001576   0x00000034   Code   RO          347    i.COUNTER_CC4_lStart  counter.o
    0x100015aa   0x00000002   PAD
    0x100015ac   0x000000f8   Code   RO          349    i.COUNTER_CCU4_lInit  counter.o
    0x100016a4   0x00000018   Code   RO          354    i.COUNTER_GetCurrentCount  counter.o
    0x100016bc   0x00000018   Code   RO          356    i.COUNTER_Init      counter.o
    0x100016d4   0x00000014   Code   RO          357    i.COUNTER_ResetCounter  counter.o
    0x100016e8   0x000000f4   Code   RO          575    i.DAVE_Init         dave.o
    0x100017dc   0x00000012   Code   RO            5    i.DIGITAL_IO_GetInput  main.o
    0x100017ee   0x0000001c   Code   RO          609    i.DIGITAL_IO_Init   digital_io.o
    0x1000180a   0x0000000e   Code   RO            6    i.DIGITAL_IO_SetOutputHigh  main.o
    0x10001818   0x00000010   Code   RO            7    i.DIGITAL_IO_SetOutputLow  main.o
    0x10001828   0x00000014   Code   RO            8    i.DIGITAL_IO_ToggleOutput  main.o
    0x1000183c   0x00000028   Code   RO          665    i.GLOBAL_CCU4_Init  global_ccu4.o
    0x10001864   0x00000038   Code   RO          727    i.INTERRUPT_Init    interrupt.o
    0x1000189c   0x00000078   Code   RO          728    i.NVIC_SetPriority  interrupt.o
    0x10001914   0x00000018   Code   RO          319    i.SystemCoreClockSetup  clock_xmc1_conf.o
    0x1000192c   0x00000060   Code   RO         2667    i.SystemCoreClockUpdate  system_xmc1100.o
    0x1000198c   0x00000002   Code   RO          549    i.SystemCoreSetup   cpu_ctrl_xmc1_conf.o
    0x1000198e   0x0000000c   Code   RO         2669    i.SystemInit        system_xmc1100.o
    0x1000199a   0x00000074   Code   RO          793    i.TIMER_CCU4_lInit  timer.o
    0x10001a0e   0x0000001c   Code   RO          794    i.TIMER_CCU4_lShadowTransfer  timer.o
    0x10001a2a   0x00000024   Code   RO          795    i.TIMER_Clear       timer.o
    0x10001a4e   0x00000022   Code   RO          796    i.TIMER_ClearEvent  timer.o
    0x10001a70   0x0000002c   Code   RO          798    i.TIMER_GetInterruptStatus  timer.o
    0x10001a9c   0x00000022   Code   RO          800    i.TIMER_GetTimerStatus  timer.o
    0x10001abe   0x00000022   Code   RO          801    i.TIMER_Init        timer.o
    0x10001ae0   0x000000a8   Code   RO          802    i.TIMER_SetTimeInterval  timer.o
    0x10001b88   0x00000024   Code   RO          803    i.TIMER_Start       timer.o
    0x10001bac   0x00000032   Code   RO          804    i.TIMER_Stop        timer.o
    0x10001bde   0x00000002   PAD
    0x10001be0   0x00000024   Code   RO         1430    i.XMC_CCU4_EnableModule  xmc_ccu4.o
    0x10001c04   0x00000004   Code   RO          361    i.XMC_CCU4_EnableShadowTransfer  counter.o
    0x10001c08   0x0000002e   Code   RO         1431    i.XMC_CCU4_Init     xmc_ccu4.o
    0x10001c36   0x00000006   Code   RO          362    i.XMC_CCU4_SLICE_ClearTimer  counter.o
    0x10001c3c   0x00000006   Code   RO          805    i.XMC_CCU4_SLICE_ClearTimer  timer.o
    0x10001c42   0x00000030   Code   RO         1435    i.XMC_CCU4_SLICE_CompareInit  xmc_ccu4.o
    0x10001c72   0x00000066   Code   RO         1436    i.XMC_CCU4_SLICE_ConfigureEvent  xmc_ccu4.o
    0x10001cd8   0x00000018   Code   RO         1438    i.XMC_CCU4_SLICE_CountConfig  xmc_ccu4.o
    0x10001cf0   0x00000018   Code   RO         1439    i.XMC_CCU4_SLICE_DirectionConfig  xmc_ccu4.o
    0x10001d08   0x00000018   Code   RO         1441    i.XMC_CCU4_SLICE_GateConfig  xmc_ccu4.o
    0x10001d20   0x00000010   Code   RO          363    i.XMC_CCU4_SLICE_IsTimerRunning  counter.o
    0x10001d30   0x00000058   Code   RO         1448    i.XMC_CCU4_SLICE_SetInterruptNode  xmc_ccu4.o
    0x10001d88   0x00000018   Code   RO         1450    i.XMC_CCU4_SLICE_SetPrescaler  xmc_ccu4.o
    0x10001da0   0x00000004   Code   RO          364    i.XMC_CCU4_SLICE_SetTimerCompareMatch  counter.o
    0x10001da4   0x00000018   Code   RO         1451    i.XMC_CCU4_SLICE_SetTimerCountingMode  xmc_ccu4.o
    0x10001dbc   0x00000006   Code   RO          806    i.XMC_CCU4_SLICE_StartTimer  timer.o
    0x10001dc2   0x00000002   PAD
    0x10001dc4   0x000000a4   Code   RO         1066    i.XMC_GPIO_Init     xmc1_gpio.o
    0x10001e68   0x0000001c   Code   RO         1814    i.XMC_GPIO_SetHardwareControl  xmc_gpio.o
    0x10001e84   0x00000030   Code   RO         1170    i.XMC_SCU_CLOCK_Init  xmc1_scu.o
    0x10001eb4   0x0000008c   Code   RO         1172    i.XMC_SCU_CLOCK_ScaleMCLKFrequency  xmc1_scu.o
    0x10001f40   0x0000002c   Code   RO         1176    i.XMC_SCU_CLOCK_UngatePeripheralClock  xmc1_scu.o
    0x10001f6c   0x00000044   Code   RO         1177    i.XMC_SCU_CLOCK_lFrequencyDownScaling  xmc1_scu.o
    0x10001fb0   0x0000003c   Code   RO         1178    i.XMC_SCU_CLOCK_lFrequencyUpScaling  xmc1_scu.o
    0x10001fec   0x0000000c   Code   RO         1190    i.XMC_SCU_LockProtectedBits  xmc1_scu.o
    0x10001ff8   0x0000001c   Code   RO         1198    i.XMC_SCU_UnlockProtectedBits  xmc1_scu.o
    0x10002014   0x00000030   Code   RO          884    i.__ARM_common_ll_muluu  timer.o
    0x10002044   0x0000001c   Code   RO         1618    i.__ARM_common_switch8  xmc_ccu4.o
    0x10002060   0x00000038   Code   RO            9    i.checkComboMode    main.o
    0x10002098   0x00000044   Code   RO           10    i.combosEqual       main.o
    0x100020dc   0x00000028   Code   RO           11    i.debounceTimer     main.o
    0x10002104   0x000000b8   Code   RO           12    i.enteredAddMode    main.o
    0x100021bc   0x00000034   Code   RO           13    i.entryLockMode     main.o
    0x100021f0   0x0000005c   Code   RO           14    i.errorMode         main.o
    0x1000224c   0x00000184   Code   RO           15    i.getEvent          main.o
    0x100023d0   0x00000024   Code   RO           16    i.getNextState      main.o
    0x100023f4   0x00000034   Code   RO           17    i.lockedIdleMode    main.o
    0x10002428   0x00000188   Code   RO           18    i.main              main.o
    0x100025b0   0x00000030   Code   RO           19    i.openIdleMode      main.o
    0x100025e0   0x0000003c   Code   RO           20    i.resetEntriesMode  main.o
    0x1000261c   0x00000034   Code   RO           21    i.resetErrorMode    main.o
    0x10002650   0x00000018   Code   RO           22    i.resetMode         main.o
    0x10002668   0x0000009c   Code   RO           23    i.savedAddMode      main.o
    0x10002704   0x0000000c   Data   RO          320    .constdata          clock_xmc1_conf.o
    0x10002710   0x00000080   Data   RO          644    .constdata          digital_io_conf.o
    0x10002790   0x00000006   Data   RO          770    .constdata          interrupt_conf.o
    0x10002796   0x00000002   PAD
    0x10002798   0x00000020   Data   RO         2894    Region$$Table       anon$$obj.o


    Execution Region ER_RW (Base: 0x20000000, Size: 0x000005e0, Max: 0xffffffff, ABSOLUTE, COMPRESSED[0x00000134])

    Base Addr    Size         Type   Attr      Idx    E Section Name        Object

    0x20000000   0x00000180   Code   RW         2658    .ARM.__at_0x20000000  startup_xmc1100.o
    0x20000180   0x00000378   Data   RW           25    .data               main.o
    0x200004f8   0x00000001   Data   RW          321    .data               clock_xmc1_conf.o
    0x200004f9   0x00000003   PAD
    0x200004fc   0x0000003c   Data   RW          490    .data               counter_conf.o
    0x20000538   0x00000010   Data   RW          703    .data               global_ccu4_conf.o
    0x20000548   0x00000090   Data   RW          911    .data               timer_conf.o
    0x200005d8   0x00000008   Data   RW         2671    .data               system_xmc1100.o


    Execution Region ER_ZI (Base: 0x200005e0, Size: 0x00000670, Max: 0xffffffff, ABSOLUTE)

    Base Addr    Size         Type   Attr      Idx    E Section Name        Object

    0x200005e0   0x00000010   Zero   RW           24    .bss                main.o
    0x200005f0   0x00000060   Zero   RW         2767    .bss                c_p.l(libspace.o)
    0x20000650   0x00000200   Zero   RW         2655    HEAP                startup_xmc1100.o
    0x20000850   0x00000400   Zero   RW         2654    STACK               startup_xmc1100.o



  Load Region LR$$.ARM.__AT_0x20003FFC (Base: 0x20003ffc, Size: 0x00000000, Max: 0x00000004, ABSOLUTE)

    Execution Region ER$$.ARM.__AT_0x20003FFC (Base: 0x20003ffc, Size: 0x00000004, Max: 0x00000004, ABSOLUTE, UNINIT)

    Base Addr    Size         Type   Attr      Idx    E Section Name        Object

    0x20003ffc   0x00000004   Zero   RW         2670    .ARM.__AT_0x20003FFC  system_xmc1100.o


==============================================================================

Image component sizes


      Code (inc. data)   RO Data    RW Data    ZI Data      Debug   Object Name

        40          0          0          0          0       2258   clock_xmc1.o
        24          6         12          1          0       1482   clock_xmc1_conf.o
       436          6          0          0          0      21843   counter.o
         0          0          0         60          0       2379   counter_conf.o
         2          0          0          0          0        586   cpu_ctrl_xmc1_conf.o
       244         60          0          0          0       5140   dave.o
        28          0          0          0          0       1826   digital_io.o
         0          0        128          0          0       1097   digital_io_conf.o
        40          0          0          0          0      13679   global_ccu4.o
         0          0          0         16          0       1428   global_ccu4_conf.o
       176         14          0          0          0       9001   interrupt.o
         0          0          6          0          0       2054   interrupt_conf.o
      2028        424          0        888         16     146020   main.o
       452        226         24          0       1536        928   startup_xmc1100.o
       108         26          0          8          4       1383   system_xmc1100.o
       640          6          0          0          0      23591   timer.o
         0          0          0        144          0       1757   timer_conf.o
       164          6          0          0          0       1148   xmc1_gpio.o
       400         60          0          0          0       5316   xmc1_scu.o
       468         18          0          0          0      20545   xmc_ccu4.o
        28          0          0          0          0       1066   xmc_gpio.o

    ----------------------------------------------------------------------
      5284        852        204       1120       1556     264527   Object Totals
         0          0         32          0          0          0   (incl. Generated)
         6          0          2          3          0          0   (incl. Padding)

    ----------------------------------------------------------------------

      Code (inc. data)   RO Data    RW Data    ZI Data      Debug   Library Member Name

        86          0          0          0          0          0   __dczerorl2.o
         8          0          0          0          0         68   __main.o
         0          0          0          0          0          0   __rtentry.o
        12          0          0          0          0          0   __rtentry2.o
         6          0          0          0          0          0   __rtentry4.o
        60          8          0          0          0          0   __scatter.o
        28          0          0          0          0          0   __scatter_zi.o
       346          0          0          0          0         92   aeabi_sdiv.o
        16          0          0          0          0         68   exit.o
         6          0          0          0          0        136   heapauxi.o
         0          0          0          0          0          0   indicate_semi.o
         2          0          0          0          0          0   libinit.o
         2          0          0          0          0          0   libinit2.o
         2          0          0          0          0          0   libshutdown.o
         2          0          0          0          0          0   libshutdown2.o
         8          4          0          0         96         68   libspace.o
       258          0          0          0          0         88   lludiv.o
        34          0          0          0          0         68   llushr.o
         2          0          0          0          0          0   rtexit.o
        10          0          0          0          0          0   rtexit2.o
        12          4          0          0          0         60   sys_exit.o
        62          0          0          0          0         80   sys_stackheap_outer.o
         2          0          0          0          0         68   use_no_semi.o

    ----------------------------------------------------------------------
       968         16          0          0         96        796   Library Totals
         4          0          0          0          0          0   (incl. Padding)

    ----------------------------------------------------------------------

      Code (inc. data)   RO Data    RW Data    ZI Data      Debug   Library Name

       964         16          0          0         96        796   c_p.l

    ----------------------------------------------------------------------
       968         16          0          0         96        796   Library Totals

    ----------------------------------------------------------------------

==============================================================================


      Code (inc. data)   RO Data    RW Data    ZI Data      Debug   

      6252        868        204       1120       1652     261971   Grand Totals
      6252        868        204        308       1652     261971   ELF Image Totals (compressed)
      6252        868        204        308          0          0   ROM Totals

==============================================================================

    Total RO  Size (Code + RO Data)                 6456 (   6.30kB)
    Total RW  Size (RW Data + ZI Data)              2772 (   2.71kB)
    Total ROM Size (Code + RO Data + RW Data)       6764 (   6.61kB)

==============================================================================

